 winpcap_btooth_plugin

 Timestamp is 5ae89440 (Tue May  1 16:22:24 2018)

 Preferred load address is 10000000

 Start         Length     Name                   Class
 0001:00000000 00000e80H .text                   CODE
 0001:00000e80 000011ccH .text$mn                CODE
 0002:00000000 00000100H .idata$5                DATA
 0002:00000100 00000004H .00cfg                  DATA
 0002:00000104 00000004H .CRT$XCA                DATA
 0002:00000108 00000004H .CRT$XCZ                DATA
 0002:0000010c 00000004H .CRT$XIA                DATA
 0002:00000110 00000004H .CRT$XIZ                DATA
 0002:00000114 00000004H .CRT$XPA                DATA
 0002:00000118 00000004H .CRT$XPZ                DATA
 0002:0000011c 00000004H .CRT$XTA                DATA
 0002:00000120 00000010H .CRT$XTZ                DATA
 0002:00000124 00000000H .gfids$y                DATA
 0002:00000130 00001d60H .rdata                  DATA
 0002:00001e90 00000004H .rdata$sxdata           DATA
 0002:00001e94 000002acH .rdata$zzzdbg           DATA
 0002:00002140 00000004H .rtc$IAA                DATA
 0002:00002144 00000004H .rtc$IZZ                DATA
 0002:00002148 00000004H .rtc$TAA                DATA
 0002:0000214c 00000004H .rtc$TZZ                DATA
 0002:00002150 00000080H .xdata$x                DATA
 0002:000021d0 00000194H .edata                  DATA
 0002:00002364 000000b4H .idata$2                DATA
 0002:00002418 00000014H .idata$3                DATA
 0002:0000242c 00000100H .idata$4                DATA
 0002:0000252c 00000548H .idata$6                DATA
 0003:00000000 00000020H .data                   DATA
 0003:00000020 000005dcH .bss                    DATA
 0004:00000000 00000060H .rsrc$01                DATA
 0004:00000060 000003b0H .rsrc$02                DATA

  Address         Publics by Value              Rva+Base       Lib:Object

 0000:00000000       ___hybrid_code_map_count   00000000     <absolute>
 0000:00000000       ___dynamic_value_reloc_table 00000000     <absolute>
 0000:00000000       ___guard_fids_count        00000000     <absolute>
 0000:00000000       ___enclave_config          00000000     <absolute>
 0000:00000000       ___guard_longjmp_table     00000000     <absolute>
 0000:00000000       ___guard_fids_table        00000000     <absolute>
 0000:00000000       ___guard_iat_table         00000000     <absolute>
 0000:00000000       ___guard_iat_count         00000000     <absolute>
 0000:00000000       ___hybrid_code_map         00000000     <absolute>
 0000:00000000       ___hybrid_auxiliary_iat    00000000     <absolute>
 0000:00000000       ___guard_longjmp_count     00000000     <absolute>
 0000:00000001       ___safe_se_handler_count   00000001     <absolute>
 0000:00000100       ___guard_flags             00000100     <absolute>
 0000:00000000       ___ImageBase               10000000     <linker-defined>
 0001:00000000       _GetPluginApiVersion       10001000 f   win_btooth.obj
 0001:00000080       _GetPluginName             10001080 f   win_btooth.obj
 0001:00000110       _FreeDeviceList            10001110 f   win_btooth.obj
 0001:000001b0       _GetDeviceList             100011b0 f   win_btooth.obj
 0001:000004d0       _OpenInstance              100014d0 f   win_btooth.obj
 0001:000005a0       _CloseInstance             100015a0 f   win_btooth.obj
 0001:00000620       _GetLinkType               10001620 f   win_btooth.obj
 0001:000006a0       _GetSupportedDlts          100016a0 f   win_btooth.obj
 0001:00000740       _SetDatalink               10001740 f   win_btooth.obj
 0001:00000770       _GetStats                  10001770 f   win_btooth.obj
 0001:00000800       _SetReadTimeout            10001800 f   win_btooth.obj
 0001:00000890       _GetNextPacket             10001890 f   win_btooth.obj
 0001:000009f0       _SetBufferSize             100019f0 f   win_btooth.obj
 0001:00000a70       _SetMinToCopy              10001a70 f   win_btooth.obj
 0001:00000af0       _strip_nl                  10001af0 f   win_btooth.obj
 0001:00000b20       _win_strerror              10001b20 f   win_btooth.obj
 0001:00000be0       _DllMain@12                10001be0 f   win_btooth.obj
 0001:00000ce0       _printf                    10001ce0 f i win_btooth.obj
 0001:00000d20       _snprintf                  10001d20 f i win_btooth.obj
 0001:00000d70       ___local_stdio_printf_options 10001d70 f i win_btooth.obj
 0001:00000d80       __pcap_trace_level         10001d80 f   pcap-trace.obj
 0001:00000de0       __pcap_trace_color         10001de0 f   pcap-trace.obj
 0001:00000e30       __pcap_trace_basename      10001e30 f   pcap-trace.obj
 0001:00000e80       _BluetoothFindFirstRadio@8 10001e80 f   bthprops:bthprops.cpl
 0001:00000e86       _BluetoothFindRadioClose@4 10001e86 f   bthprops:bthprops.cpl
 0001:00000e8c       _SetupDiGetClassDevsA@16   10001e8c f   setupapi:SETUPAPI.dll
 0001:00000e92       _SetupDiEnumDeviceInfo@12  10001e92 f   setupapi:SETUPAPI.dll
 0001:00000e98       _SetupDiGetDevicePropertyW@32 10001e98 f   setupapi:SETUPAPI.dll
 0001:00000e9e       _SetupDiDestroyDeviceInfoList@4 10001e9e f   setupapi:SETUPAPI.dll
 0001:00000eb0       __aulldiv                  10001eb0 f   msvcrt:ulldiv.obj
 0001:0000124f       __CRT_INIT@12              1000224f f   msvcrt:dll_dllmain.obj
 0001:00001258       __DllMainCRTStartup@12     10002258 f   msvcrt:dll_dllmain.obj
 0001:000012ca       ___security_init_cookie    100022ca f   msvcrt:gs_support.obj
 0001:00001315       ?__scrt_initialize_type_info@@YAXXZ 10002315 f   msvcrt:tncleanup.obj
 0001:00001321       ?__scrt_uninitialize_type_info@@YAXXZ 10002321 f   msvcrt:tncleanup.obj
 0001:0000132d       ___local_stdio_scanf_options 1000232d f i msvcrt:default_local_stdio_options.obj
 0001:00001333       ___scrt_initialize_default_local_stdio_options 10002333 f   msvcrt:default_local_stdio_options.obj
 0001:00001350       ??$__crt_fast_decode_pointer@PAP6AXXZ@@YAPAP6AXXZQAP6AXXZ@Z 10002350 f i msvcrt:utility.obj
 0001:00001364       ??$__crt_fast_encode_pointer@PAP6AXXZ@@YAPAP6AXXZQAP6AXXZ@Z 10002364 f i msvcrt:utility.obj
 0001:00001381       ?__crt_rotate_pointer_value@@YAIIH@Z 10002381 f i msvcrt:utility.obj
 0001:0000138e       ?configure_argv@__scrt_narrow_argv_policy@@SAHXZ 1000238e f i msvcrt:utility.obj
 0001:000013df       ?initialize_environment@__scrt_narrow_environment_policy@@SAHXZ 100023df f i msvcrt:utility.obj
 0001:00001417       _NtCurrentTeb              10002417 f i msvcrt:utility.obj
 0001:0000141e       ___scrt_acquire_startup_lock 1000241e f   msvcrt:utility.obj
 0001:00001453       ___scrt_dllmain_after_initialize_c 10002453 f   msvcrt:utility.obj
 0001:0000147e       ___scrt_dllmain_before_initialize_c 1000247e f   msvcrt:utility.obj
 0001:0000148c       ___scrt_dllmain_crt_thread_attach 1000248c f   msvcrt:utility.obj
 0001:000014ab       ___scrt_dllmain_crt_thread_detach 100024ab f   msvcrt:utility.obj
 0001:000014b8       ___scrt_dllmain_exception_filter 100024b8 f   msvcrt:utility.obj
 0001:000014eb       ___scrt_dllmain_uninitialize_c 100024eb f   msvcrt:utility.obj
 0001:0000150e       ___scrt_dllmain_uninitialize_critical 1000250e f   msvcrt:utility.obj
 0001:0000151b       ___scrt_initialize_crt     1000251b f   msvcrt:utility.obj
 0001:00001554       ___scrt_initialize_onexit_tables 10002554 f   msvcrt:utility.obj
 0001:000015fe       ___scrt_is_nonwritable_in_current_image 100025fe f   msvcrt:utility.obj
 0001:00001688       ___scrt_release_startup_lock 10002688 f   msvcrt:utility.obj
 0001:000016a5       ___scrt_uninitialize_crt   100026a5 f   msvcrt:utility.obj
 0001:000016cd       __onexit                   100026cd f   msvcrt:utility.obj
 0001:00001708       _at_quick_exit             10002708 f   msvcrt:utility.obj
 0001:00001739       _atexit                    10002739 f   msvcrt:utility.obj
 0001:0000174e       ___scrt_get_dyn_tls_init_callback 1000274e f   msvcrt:dyn_tls_init.obj
 0001:00001754       ___scrt_fastfail           10002754 f   msvcrt:utility_desktop.obj
 0001:00001870       ___scrt_get_show_window_mode 10002870 f   msvcrt:utility_desktop.obj
 0001:000018a3       ___scrt_initialize_winrt   100028a3 f   msvcrt:utility_desktop.obj
 0001:000018a6       ___scrt_is_managed_app     100028a6 f   msvcrt:utility_desktop.obj
 0001:000018ea       ___scrt_set_unhandled_exception_filter 100028ea f   msvcrt:utility_desktop.obj
 0001:000018f6       ___scrt_unhandled_exception_filter@4 100028f6 f   msvcrt:utility_desktop.obj
 0001:00001937       __crt_debugger_hook        10002937 f   msvcrt:utility_desktop.obj
 0001:0000193f       __RTC_Initialize           1000293f f   msvcrt:_initsect_.obj
 0001:0000196a       __RTC_Terminate            1000296a f   msvcrt:_initsect_.obj
 0001:00001995       @_guard_check_icall@4      10002995 f i msvcrt:checkcfg.obj
 0001:000019a0       __SEH_prolog4              100029a0 f   msvcrt:_sehprolg4_.obj
 0001:000019e6       __SEH_epilog4              100029e6 f   msvcrt:_sehprolg4_.obj
 0001:000019fb       __except_handler4          100029fb f   msvcrt:_chandler4gs_.obj
 0001:00001a1e       ___isa_available_init      10002a1e f   msvcrt:_cpu_disp_.obj
 0001:00001bb7       __get_startup_argv_mode    10002bb7 f   msvcrt:argv_mode.obj
 0001:00001bbb       ___scrt_is_ucrt_dll_in_use 10002bbb f   msvcrt:ucrt_detection.obj
 0001:00001bc7       @_guard_check_icall_nop@4  10002bc7 f i msvcrt:guard_support.obj
 0001:00001bc8       _ReadNoFence               10002bc8 f i msvcrt:guard_support.obj
 0001:00001bd2       _ReadPointerNoFence        10002bd2 f i msvcrt:guard_support.obj
 0001:00001bdc       __guard_icall_checks_enforced 10002bdc f i msvcrt:guard_support.obj
 0001:00001bee       @__security_check_cookie@4 10002bee f   msvcrt:_secchk_.obj
 0001:00001bff       ___raise_securityfailure   10002bff f   msvcrt:gs_report.obj
 0001:00001c27       ___report_gsfailure        10002c27 f   msvcrt:gs_report.obj
 0001:00001d22       ___report_rangecheckfailure 10002d22 f   msvcrt:gs_report.obj
 0001:00001d2e       ___report_securityfailure  10002d2e f   msvcrt:gs_report.obj
 0001:00001dfe       ___report_securityfailureEx 10002dfe f   msvcrt:gs_report.obj
 0001:00001f14       _EnterCriticalSection@4    10002f14 f   kernel32:KERNEL32.dll
 0001:00001f1a       _LeaveCriticalSection@4    10002f1a f   kernel32:KERNEL32.dll
 0001:00001f20       _GetLastError@0            10002f20 f   kernel32:KERNEL32.dll
 0001:00001f26       _GetSystemTimeAsFileTime@4 10002f26 f   kernel32:KERNEL32.dll
 0001:00001f2c       _Sleep@4                   10002f2c f   kernel32:KERNEL32.dll
 0001:00001f32       _FormatMessageA@28         10002f32 f   kernel32:KERNEL32.dll
 0001:00001f38       _GetStdHandle@4            10002f38 f   kernel32:KERNEL32.dll
 0001:00001f3e       _GetConsoleScreenBufferInfo@8 10002f3e f   kernel32:KERNEL32.dll
 0001:00001f44       _InitializeCriticalSection@4 10002f44 f   kernel32:KERNEL32.dll
 0001:00001f4a       _SetConsoleTextAttribute@8 10002f4a f   kernel32:KERNEL32.dll
 0001:00001f50       _QueryPerformanceCounter@4 10002f50 f   kernel32:KERNEL32.dll
 0001:00001f56       _GetCurrentProcessId@0     10002f56 f   kernel32:KERNEL32.dll
 0001:00001f5c       _GetCurrentThreadId@0      10002f5c f   kernel32:KERNEL32.dll
 0001:00001f62       _InitializeSListHead@4     10002f62 f   kernel32:KERNEL32.dll
 0001:00001f68       _IsDebuggerPresent@0       10002f68 f   kernel32:KERNEL32.dll
 0001:00001f6e       _UnhandledExceptionFilter@4 10002f6e f   kernel32:KERNEL32.dll
 0001:00001f74       _SetUnhandledExceptionFilter@4 10002f74 f   kernel32:KERNEL32.dll
 0001:00001f7a       _GetStartupInfoW@4         10002f7a f   kernel32:KERNEL32.dll
 0001:00001f80       _IsProcessorFeaturePresent@4 10002f80 f   kernel32:KERNEL32.dll
 0001:00001f86       _GetModuleHandleW@4        10002f86 f   kernel32:KERNEL32.dll
 0001:00001f8c       _GetCurrentProcess@0       10002f8c f   kernel32:KERNEL32.dll
 0001:00001f92       _TerminateProcess@8        10002f92 f   kernel32:KERNEL32.dll
 0001:00001f98       _strrchr                   10002f98 f   vcruntime:VCRUNTIME140.dll
 0001:00001f9e       ___std_type_info_destroy_list 10002f9e f   vcruntime:VCRUNTIME140.dll
 0001:00001fa4       _memset                    10002fa4 f   vcruntime:VCRUNTIME140.dll
 0001:00001faa       __except_handler4_common   10002faa f   vcruntime:VCRUNTIME140.dll
 0001:00001fb0       ___acrt_iob_func           10002fb0 f   ucrt:api-ms-win-crt-stdio-l1-1-0.dll
 0001:00001fb6       ___stdio_common_vfprintf   10002fb6 f   ucrt:api-ms-win-crt-stdio-l1-1-0.dll
 0001:00001fbc       _strncpy_s                 10002fbc f   ucrt:api-ms-win-crt-string-l1-1-0.dll
 0001:00001fc2       _free                      10002fc2 f   ucrt:api-ms-win-crt-heap-l1-1-0.dll
 0001:00001fc8       _calloc                    10002fc8 f   ucrt:api-ms-win-crt-heap-l1-1-0.dll
 0001:00001fce       _strncpy                   10002fce f   ucrt:api-ms-win-crt-string-l1-1-0.dll
 0001:00001fd4       ___stdio_common_vsprintf   10002fd4 f   ucrt:api-ms-win-crt-stdio-l1-1-0.dll
 0001:00001fda       _strlen                    10002fda f   ucrt:api-ms-win-crt-string-l1-1-0.dll
 0001:00001fe0       _strcpy                    10002fe0 f   ucrt:api-ms-win-crt-string-l1-1-0.dll
 0001:00001fe6       _getenv                    10002fe6 f   ucrt:api-ms-win-crt-environment-l1-1-0.dll
 0001:00001fec       _fflush                    10002fec f   ucrt:api-ms-win-crt-stdio-l1-1-0.dll
 0001:00001ff2       __initterm                 10002ff2 f   ucrt:api-ms-win-crt-runtime-l1-1-0.dll
 0001:00001ff8       __initterm_e               10002ff8 f   ucrt:api-ms-win-crt-runtime-l1-1-0.dll
 0001:00001ffe       __seh_filter_dll           10002ffe f   ucrt:api-ms-win-crt-runtime-l1-1-0.dll
 0001:00002004       __configure_narrow_argv    10003004 f   ucrt:api-ms-win-crt-runtime-l1-1-0.dll
 0001:0000200a       __initialize_narrow_environment 1000300a f   ucrt:api-ms-win-crt-runtime-l1-1-0.dll
 0001:00002010       __initialize_onexit_table  10003010 f   ucrt:api-ms-win-crt-runtime-l1-1-0.dll
 0001:00002016       __register_onexit_function 10003016 f   ucrt:api-ms-win-crt-runtime-l1-1-0.dll
 0001:0000201c       __execute_onexit_table     1000301c f   ucrt:api-ms-win-crt-runtime-l1-1-0.dll
 0001:00002022       __crt_atexit               10003022 f   ucrt:api-ms-win-crt-runtime-l1-1-0.dll
 0001:00002028       __crt_at_quick_exit        10003028 f   ucrt:api-ms-win-crt-runtime-l1-1-0.dll
 0001:0000202e       __cexit                    1000302e f   ucrt:api-ms-win-crt-runtime-l1-1-0.dll
 0001:00002034       _terminate                 10003034 f   ucrt:api-ms-win-crt-runtime-l1-1-0.dll
 0001:0000203a       ___acrt_initialize         1000303a f   msvcrt:ucrt_stubs.obj
 0001:0000203a       ___scrt_stub_for_acrt_initialize 1000303a f   msvcrt:ucrt_stubs.obj
 0001:0000203a       ___vcrt_initialize         1000303a f   msvcrt:ucrt_stubs.obj
 0001:0000203d       ___acrt_thread_attach      1000303d f   msvcrt:ucrt_stubs.obj
 0001:0000203d       ___vcrt_thread_attach      1000303d f   msvcrt:ucrt_stubs.obj
 0001:0000203d       ___scrt_stub_for_acrt_thread_attach 1000303d f   msvcrt:ucrt_stubs.obj
 0001:00002040       ___scrt_stub_for_acrt_thread_detach 10003040 f   msvcrt:ucrt_stubs.obj
 0001:00002040       ___vcrt_thread_detach      10003040 f   msvcrt:ucrt_stubs.obj
 0001:00002040       ___acrt_thread_detach      10003040 f   msvcrt:ucrt_stubs.obj
 0001:00002043       ___vcrt_uninitialize       10003043 f   msvcrt:ucrt_stubs.obj
 0001:00002043       ___scrt_stub_for_acrt_uninitialize 10003043 f   msvcrt:ucrt_stubs.obj
 0001:00002043       ___acrt_uninitialize       10003043 f   msvcrt:ucrt_stubs.obj
 0001:00002046       ___scrt_stub_for_acrt_uninitialize_critical 10003046 f   msvcrt:ucrt_stubs.obj
 0001:00002046       ___vcrt_uninitialize_critical 10003046 f   msvcrt:ucrt_stubs.obj
 0001:00002046       ___acrt_uninitialize_critical 10003046 f   msvcrt:ucrt_stubs.obj
 0001:00002049       __is_c_termination_complete 10003049 f   msvcrt:ucrt_stubs.obj
 0001:00002049       ___scrt_stub_for_is_c_termination_complete 10003049 f   msvcrt:ucrt_stubs.obj
 0002:00000000       __imp__GetStartupInfoW@4   10004000     kernel32:KERNEL32.dll
 0002:00000004       __imp__TerminateProcess@8  10004004     kernel32:KERNEL32.dll
 0002:00000008       __imp__GetCurrentProcess@0 10004008     kernel32:KERNEL32.dll
 0002:0000000c       __imp__GetModuleHandleW@4  1000400c     kernel32:KERNEL32.dll
 0002:00000010       __imp__IsProcessorFeaturePresent@4 10004010     kernel32:KERNEL32.dll
 0002:00000014       __imp__SetUnhandledExceptionFilter@4 10004014     kernel32:KERNEL32.dll
 0002:00000018       __imp__UnhandledExceptionFilter@4 10004018     kernel32:KERNEL32.dll
 0002:0000001c       __imp__IsDebuggerPresent@0 1000401c     kernel32:KERNEL32.dll
 0002:00000020       __imp__EnterCriticalSection@4 10004020     kernel32:KERNEL32.dll
 0002:00000024       __imp__LeaveCriticalSection@4 10004024     kernel32:KERNEL32.dll
 0002:00000028       __imp__GetLastError@0      10004028     kernel32:KERNEL32.dll
 0002:0000002c       __imp__GetSystemTimeAsFileTime@4 1000402c     kernel32:KERNEL32.dll
 0002:00000030       __imp__Sleep@4             10004030     kernel32:KERNEL32.dll
 0002:00000034       __imp__FormatMessageA@28   10004034     kernel32:KERNEL32.dll
 0002:00000038       __imp__GetStdHandle@4      10004038     kernel32:KERNEL32.dll
 0002:0000003c       __imp__GetConsoleScreenBufferInfo@8 1000403c     kernel32:KERNEL32.dll
 0002:00000040       __imp__InitializeCriticalSection@4 10004040     kernel32:KERNEL32.dll
 0002:00000044       __imp__SetConsoleTextAttribute@8 10004044     kernel32:KERNEL32.dll
 0002:00000048       __imp__QueryPerformanceCounter@4 10004048     kernel32:KERNEL32.dll
 0002:0000004c       __imp__GetCurrentProcessId@0 1000404c     kernel32:KERNEL32.dll
 0002:00000050       __imp__GetCurrentThreadId@0 10004050     kernel32:KERNEL32.dll
 0002:00000054       __imp__InitializeSListHead@4 10004054     kernel32:KERNEL32.dll
 0002:00000058       \177KERNEL32_NULL_THUNK_DATA 10004058     kernel32:KERNEL32.dll
 0002:0000005c       __imp__SetupDiDestroyDeviceInfoList@4 1000405c     setupapi:SETUPAPI.dll
 0002:00000060       __imp__SetupDiGetDevicePropertyW@32 10004060     setupapi:SETUPAPI.dll
 0002:00000064       __imp__SetupDiGetClassDevsA@16 10004064     setupapi:SETUPAPI.dll
 0002:00000068       __imp__SetupDiEnumDeviceInfo@12 10004068     setupapi:SETUPAPI.dll
 0002:0000006c       \177SETUPAPI_NULL_THUNK_DATA 1000406c     setupapi:SETUPAPI.dll
 0002:00000070       __imp___except_handler4_common 10004070     vcruntime:VCRUNTIME140.dll
 0002:00000074       __imp__memset              10004074     vcruntime:VCRUNTIME140.dll
 0002:00000078       __imp____std_type_info_destroy_list 10004078     vcruntime:VCRUNTIME140.dll
 0002:0000007c       __imp__strrchr             1000407c     vcruntime:VCRUNTIME140.dll
 0002:00000080       \177VCRUNTIME140_NULL_THUNK_DATA 10004080     vcruntime:VCRUNTIME140.dll
 0002:00000084       __imp__getenv              10004084     ucrt:api-ms-win-crt-environment-l1-1-0.dll
 0002:00000088       \177api-ms-win-crt-environment-l1-1-0_NULL_THUNK_DATA 10004088     ucrt:api-ms-win-crt-environment-l1-1-0.dll
 0002:0000008c       __imp__calloc              1000408c     ucrt:api-ms-win-crt-heap-l1-1-0.dll
 0002:00000090       __imp__free                10004090     ucrt:api-ms-win-crt-heap-l1-1-0.dll
 0002:00000094       \177api-ms-win-crt-heap-l1-1-0_NULL_THUNK_DATA 10004094     ucrt:api-ms-win-crt-heap-l1-1-0.dll
 0002:00000098       __imp__terminate           10004098     ucrt:api-ms-win-crt-runtime-l1-1-0.dll
 0002:0000009c       __imp___crt_at_quick_exit  1000409c     ucrt:api-ms-win-crt-runtime-l1-1-0.dll
 0002:000000a0       __imp___cexit              100040a0     ucrt:api-ms-win-crt-runtime-l1-1-0.dll
 0002:000000a4       __imp___configure_narrow_argv 100040a4     ucrt:api-ms-win-crt-runtime-l1-1-0.dll
 0002:000000a8       __imp___execute_onexit_table 100040a8     ucrt:api-ms-win-crt-runtime-l1-1-0.dll
 0002:000000ac       __imp___register_onexit_function 100040ac     ucrt:api-ms-win-crt-runtime-l1-1-0.dll
 0002:000000b0       __imp___initialize_onexit_table 100040b0     ucrt:api-ms-win-crt-runtime-l1-1-0.dll
 0002:000000b4       __imp___crt_atexit         100040b4     ucrt:api-ms-win-crt-runtime-l1-1-0.dll
 0002:000000b8       __imp___initialize_narrow_environment 100040b8     ucrt:api-ms-win-crt-runtime-l1-1-0.dll
 0002:000000bc       __imp___initterm           100040bc     ucrt:api-ms-win-crt-runtime-l1-1-0.dll
 0002:000000c0       __imp___initterm_e         100040c0     ucrt:api-ms-win-crt-runtime-l1-1-0.dll
 0002:000000c4       __imp___seh_filter_dll     100040c4     ucrt:api-ms-win-crt-runtime-l1-1-0.dll
 0002:000000c8       \177api-ms-win-crt-runtime-l1-1-0_NULL_THUNK_DATA 100040c8     ucrt:api-ms-win-crt-runtime-l1-1-0.dll
 0002:000000cc       __imp__fflush              100040cc     ucrt:api-ms-win-crt-stdio-l1-1-0.dll
 0002:000000d0       __imp____acrt_iob_func     100040d0     ucrt:api-ms-win-crt-stdio-l1-1-0.dll
 0002:000000d4       __imp____stdio_common_vfprintf 100040d4     ucrt:api-ms-win-crt-stdio-l1-1-0.dll
 0002:000000d8       __imp____stdio_common_vsprintf 100040d8     ucrt:api-ms-win-crt-stdio-l1-1-0.dll
 0002:000000dc       \177api-ms-win-crt-stdio-l1-1-0_NULL_THUNK_DATA 100040dc     ucrt:api-ms-win-crt-stdio-l1-1-0.dll
 0002:000000e0       __imp__strncpy_s           100040e0     ucrt:api-ms-win-crt-string-l1-1-0.dll
 0002:000000e4       __imp__strlen              100040e4     ucrt:api-ms-win-crt-string-l1-1-0.dll
 0002:000000e8       __imp__strcpy              100040e8     ucrt:api-ms-win-crt-string-l1-1-0.dll
 0002:000000ec       __imp__strncpy             100040ec     ucrt:api-ms-win-crt-string-l1-1-0.dll
 0002:000000f0       \177api-ms-win-crt-string-l1-1-0_NULL_THUNK_DATA 100040f0     ucrt:api-ms-win-crt-string-l1-1-0.dll
 0002:000000f4       __imp__BluetoothFindRadioClose@4 100040f4     bthprops:bthprops.cpl
 0002:000000f8       __imp__BluetoothFindFirstRadio@8 100040f8     bthprops:bthprops.cpl
 0002:000000fc       \177bthprops_NULL_THUNK_DATA 100040fc     bthprops:bthprops.cpl
 0002:00000100       ___guard_check_icall_fptr  10004100     msvcrt:guard_support.obj
 0002:00000104       ___xc_a                    10004104     msvcrt:initializers.obj
 0002:00000108       ___xc_z                    10004108     msvcrt:initializers.obj
 0002:0000010c       ___xi_a                    1000410c     msvcrt:initializers.obj
 0002:00000110       ___xi_z                    10004110     msvcrt:initializers.obj
 0002:00000114       ___xp_a                    10004114     msvcrt:initializers.obj
 0002:00000118       ___xp_z                    10004118     msvcrt:initializers.obj
 0002:0000011c       ___xt_a                    1000411c     msvcrt:initializers.obj
 0002:00000120       ___xt_z                    10004120     msvcrt:initializers.obj
 0002:00000130       _GUID_MAX_POWER_SAVINGS    10004130     win_btooth.obj
 0002:00000140       _GUID_MIN_POWER_SAVINGS    10004140     win_btooth.obj
 0002:00000150       _GUID_TYPICAL_POWER_SAVINGS 10004150     win_btooth.obj
 0002:00000160       _NO_SUBGROUP_GUID          10004160     win_btooth.obj
 0002:00000170       _ALL_POWERSCHEMES_GUID     10004170     win_btooth.obj
 0002:00000180       _GUID_POWERSCHEME_PERSONALITY 10004180     win_btooth.obj
 0002:00000190       _GUID_ACTIVE_POWERSCHEME   10004190     win_btooth.obj
 0002:000001a0       _GUID_IDLE_RESILIENCY_SUBGROUP 100041a0     win_btooth.obj
 0002:000001b0       _GUID_IDLE_RESILIENCY_PERIOD 100041b0     win_btooth.obj
 0002:000001c0       _GUID_DEEP_SLEEP_ENABLED   100041c0     win_btooth.obj
 0002:000001d0       _GUID_DEEP_SLEEP_PLATFORM_STATE 100041d0     win_btooth.obj
 0002:000001e0       _GUID_DISK_COALESCING_POWERDOWN_TIMEOUT 100041e0     win_btooth.obj
 0002:000001f0       _GUID_EXECUTION_REQUIRED_REQUEST_TIMEOUT 100041f0     win_btooth.obj
 0002:00000200       _GUID_VIDEO_SUBGROUP       10004200     win_btooth.obj
 0002:00000210       _GUID_VIDEO_POWERDOWN_TIMEOUT 10004210     win_btooth.obj
 0002:00000220       _GUID_VIDEO_ANNOYANCE_TIMEOUT 10004220     win_btooth.obj
 0002:00000230       _GUID_VIDEO_ADAPTIVE_PERCENT_INCREASE 10004230     win_btooth.obj
 0002:00000240       _GUID_VIDEO_DIM_TIMEOUT    10004240     win_btooth.obj
 0002:00000250       _GUID_VIDEO_ADAPTIVE_POWERDOWN 10004250     win_btooth.obj
 0002:00000260       _GUID_MONITOR_POWER_ON     10004260     win_btooth.obj
 0002:00000270       _GUID_DEVICE_POWER_POLICY_VIDEO_BRIGHTNESS 10004270     win_btooth.obj
 0002:00000280       _GUID_DEVICE_POWER_POLICY_VIDEO_DIM_BRIGHTNESS 10004280     win_btooth.obj
 0002:00000290       _GUID_VIDEO_CURRENT_MONITOR_BRIGHTNESS 10004290     win_btooth.obj
 0002:000002a0       _GUID_VIDEO_ADAPTIVE_DISPLAY_BRIGHTNESS 100042a0     win_btooth.obj
 0002:000002b0       _GUID_CONSOLE_DISPLAY_STATE 100042b0     win_btooth.obj
 0002:000002c0       _GUID_ALLOW_DISPLAY_REQUIRED 100042c0     win_btooth.obj
 0002:000002d0       _GUID_VIDEO_CONSOLE_LOCK_TIMEOUT 100042d0     win_btooth.obj
 0002:000002e0       _GUID_ADAPTIVE_POWER_BEHAVIOR_SUBGROUP 100042e0     win_btooth.obj
 0002:000002f0       _GUID_NON_ADAPTIVE_INPUT_TIMEOUT 100042f0     win_btooth.obj
 0002:00000300       _GUID_ADAPTIVE_INPUT_CONTROLLER_STATE 10004300     win_btooth.obj
 0002:00000310       _GUID_DISK_SUBGROUP        10004310     win_btooth.obj
 0002:00000320       _GUID_DISK_MAX_POWER       10004320     win_btooth.obj
 0002:00000330       _GUID_DISK_POWERDOWN_TIMEOUT 10004330     win_btooth.obj
 0002:00000340       _GUID_DISK_IDLE_TIMEOUT    10004340     win_btooth.obj
 0002:00000350       _GUID_DISK_BURST_IGNORE_THRESHOLD 10004350     win_btooth.obj
 0002:00000360       _GUID_DISK_ADAPTIVE_POWERDOWN 10004360     win_btooth.obj
 0002:00000370       _GUID_SLEEP_SUBGROUP       10004370     win_btooth.obj
 0002:00000380       _GUID_SLEEP_IDLE_THRESHOLD 10004380     win_btooth.obj
 0002:00000390       _GUID_STANDBY_TIMEOUT      10004390     win_btooth.obj
 0002:000003a0       _GUID_UNATTEND_SLEEP_TIMEOUT 100043a0     win_btooth.obj
 0002:000003b0       _GUID_HIBERNATE_TIMEOUT    100043b0     win_btooth.obj
 0002:000003c0       _GUID_HIBERNATE_FASTS4_POLICY 100043c0     win_btooth.obj
 0002:000003d0       _GUID_CRITICAL_POWER_TRANSITION 100043d0     win_btooth.obj
 0002:000003e0       _GUID_SYSTEM_AWAYMODE      100043e0     win_btooth.obj
 0002:000003f0       _GUID_ALLOW_AWAYMODE       100043f0     win_btooth.obj
 0002:00000400       _GUID_USER_PRESENCE_PREDICTION 10004400     win_btooth.obj
 0002:00000410       _GUID_STANDBY_BUDGET_GRACE_PERIOD 10004410     win_btooth.obj
 0002:00000420       _GUID_STANDBY_BUDGET_PERCENT 10004420     win_btooth.obj
 0002:00000430       _GUID_STANDBY_RESERVE_GRACE_PERIOD 10004430     win_btooth.obj
 0002:00000440       _GUID_STANDBY_RESERVE_TIME 10004440     win_btooth.obj
 0002:00000450       _GUID_STANDBY_RESET_PERCENT 10004450     win_btooth.obj
 0002:00000460       _GUID_ALLOW_STANDBY_STATES 10004460     win_btooth.obj
 0002:00000470       _GUID_ALLOW_RTC_WAKE       10004470     win_btooth.obj
 0002:00000480       _GUID_LEGACY_RTC_MITIGATION 10004480     win_btooth.obj
 0002:00000490       _GUID_ALLOW_SYSTEM_REQUIRED 10004490     win_btooth.obj
 0002:000004a0       _GUID_POWER_SAVING_STATUS  100044a0     win_btooth.obj
 0002:000004b0       _GUID_ENERGY_SAVER_SUBGROUP 100044b0     win_btooth.obj
 0002:000004c0       _GUID_ENERGY_SAVER_BATTERY_THRESHOLD 100044c0     win_btooth.obj
 0002:000004d0       _GUID_ENERGY_SAVER_BRIGHTNESS 100044d0     win_btooth.obj
 0002:000004e0       _GUID_ENERGY_SAVER_POLICY  100044e0     win_btooth.obj
 0002:000004f0       _GUID_SYSTEM_BUTTON_SUBGROUP 100044f0     win_btooth.obj
 0002:00000500       _GUID_POWERBUTTON_ACTION   10004500     win_btooth.obj
 0002:00000510       _GUID_SLEEPBUTTON_ACTION   10004510     win_btooth.obj
 0002:00000520       _GUID_USERINTERFACEBUTTON_ACTION 10004520     win_btooth.obj
 0002:00000530       _GUID_LIDCLOSE_ACTION      10004530     win_btooth.obj
 0002:00000540       _GUID_LIDOPEN_POWERSTATE   10004540     win_btooth.obj
 0002:00000550       _GUID_BATTERY_SUBGROUP     10004550     win_btooth.obj
 0002:00000560       _GUID_BATTERY_DISCHARGE_ACTION_0 10004560     win_btooth.obj
 0002:00000570       _GUID_BATTERY_DISCHARGE_LEVEL_0 10004570     win_btooth.obj
 0002:00000580       _GUID_BATTERY_DISCHARGE_FLAGS_0 10004580     win_btooth.obj
 0002:00000590       _GUID_BATTERY_DISCHARGE_ACTION_1 10004590     win_btooth.obj
 0002:000005a0       _GUID_BATTERY_DISCHARGE_LEVEL_1 100045a0     win_btooth.obj
 0002:000005b0       _GUID_BATTERY_DISCHARGE_FLAGS_1 100045b0     win_btooth.obj
 0002:000005c0       _GUID_BATTERY_DISCHARGE_ACTION_2 100045c0     win_btooth.obj
 0002:000005d0       _GUID_BATTERY_DISCHARGE_LEVEL_2 100045d0     win_btooth.obj
 0002:000005e0       _GUID_BATTERY_DISCHARGE_FLAGS_2 100045e0     win_btooth.obj
 0002:000005f0       _GUID_BATTERY_DISCHARGE_ACTION_3 100045f0     win_btooth.obj
 0002:00000600       _GUID_BATTERY_DISCHARGE_LEVEL_3 10004600     win_btooth.obj
 0002:00000610       _GUID_BATTERY_DISCHARGE_FLAGS_3 10004610     win_btooth.obj
 0002:00000620       _GUID_PROCESSOR_SETTINGS_SUBGROUP 10004620     win_btooth.obj
 0002:00000630       _GUID_PROCESSOR_THROTTLE_POLICY 10004630     win_btooth.obj
 0002:00000640       _GUID_PROCESSOR_THROTTLE_MAXIMUM 10004640     win_btooth.obj
 0002:00000650       _GUID_PROCESSOR_THROTTLE_MAXIMUM_1 10004650     win_btooth.obj
 0002:00000660       _GUID_PROCESSOR_THROTTLE_MINIMUM 10004660     win_btooth.obj
 0002:00000670       _GUID_PROCESSOR_THROTTLE_MINIMUM_1 10004670     win_btooth.obj
 0002:00000680       _GUID_PROCESSOR_FREQUENCY_LIMIT 10004680     win_btooth.obj
 0002:00000690       _GUID_PROCESSOR_FREQUENCY_LIMIT_1 10004690     win_btooth.obj
 0002:000006a0       _GUID_PROCESSOR_ALLOW_THROTTLING 100046a0     win_btooth.obj
 0002:000006b0       _GUID_PROCESSOR_IDLESTATE_POLICY 100046b0     win_btooth.obj
 0002:000006c0       _GUID_PROCESSOR_PERFSTATE_POLICY 100046c0     win_btooth.obj
 0002:000006d0       _GUID_PROCESSOR_PERF_INCREASE_THRESHOLD 100046d0     win_btooth.obj
 0002:000006e0       _GUID_PROCESSOR_PERF_INCREASE_THRESHOLD_1 100046e0     win_btooth.obj
 0002:000006f0       _GUID_PROCESSOR_PERF_DECREASE_THRESHOLD 100046f0     win_btooth.obj
 0002:00000700       _GUID_PROCESSOR_PERF_DECREASE_THRESHOLD_1 10004700     win_btooth.obj
 0002:00000710       _GUID_PROCESSOR_PERF_INCREASE_POLICY 10004710     win_btooth.obj
 0002:00000720       _GUID_PROCESSOR_PERF_INCREASE_POLICY_1 10004720     win_btooth.obj
 0002:00000730       _GUID_PROCESSOR_PERF_DECREASE_POLICY 10004730     win_btooth.obj
 0002:00000740       _GUID_PROCESSOR_PERF_DECREASE_POLICY_1 10004740     win_btooth.obj
 0002:00000750       _GUID_PROCESSOR_PERF_INCREASE_TIME 10004750     win_btooth.obj
 0002:00000760       _GUID_PROCESSOR_PERF_INCREASE_TIME_1 10004760     win_btooth.obj
 0002:00000770       _GUID_PROCESSOR_PERF_DECREASE_TIME 10004770     win_btooth.obj
 0002:00000780       _GUID_PROCESSOR_PERF_DECREASE_TIME_1 10004780     win_btooth.obj
 0002:00000790       _GUID_PROCESSOR_PERF_TIME_CHECK 10004790     win_btooth.obj
 0002:000007a0       _GUID_PROCESSOR_PERF_BOOST_POLICY 100047a0     win_btooth.obj
 0002:000007b0       _GUID_PROCESSOR_PERF_BOOST_MODE 100047b0     win_btooth.obj
 0002:000007c0       _GUID_PROCESSOR_PERF_AUTONOMOUS_MODE 100047c0     win_btooth.obj
 0002:000007d0       _GUID_PROCESSOR_PERF_ENERGY_PERFORMANCE_PREFERENCE 100047d0     win_btooth.obj
 0002:000007e0       _GUID_PROCESSOR_PERF_AUTONOMOUS_ACTIVITY_WINDOW 100047e0     win_btooth.obj
 0002:000007f0       _GUID_PROCESSOR_DUTY_CYCLING 100047f0     win_btooth.obj
 0002:00000800       _GUID_PROCESSOR_IDLE_ALLOW_SCALING 10004800     win_btooth.obj
 0002:00000810       _GUID_PROCESSOR_IDLE_DISABLE 10004810     win_btooth.obj
 0002:00000820       _GUID_PROCESSOR_IDLE_STATE_MAXIMUM 10004820     win_btooth.obj
 0002:00000830       _GUID_PROCESSOR_IDLE_TIME_CHECK 10004830     win_btooth.obj
 0002:00000840       _GUID_PROCESSOR_IDLE_DEMOTE_THRESHOLD 10004840     win_btooth.obj
 0002:00000850       _GUID_PROCESSOR_IDLE_PROMOTE_THRESHOLD 10004850     win_btooth.obj
 0002:00000860       _GUID_PROCESSOR_CORE_PARKING_INCREASE_THRESHOLD 10004860     win_btooth.obj
 0002:00000870       _GUID_PROCESSOR_CORE_PARKING_DECREASE_THRESHOLD 10004870     win_btooth.obj
 0002:00000880       _GUID_PROCESSOR_CORE_PARKING_INCREASE_POLICY 10004880     win_btooth.obj
 0002:00000890       _GUID_PROCESSOR_CORE_PARKING_DECREASE_POLICY 10004890     win_btooth.obj
 0002:000008a0       _GUID_PROCESSOR_CORE_PARKING_MAX_CORES 100048a0     win_btooth.obj
 0002:000008b0       _GUID_PROCESSOR_CORE_PARKING_MAX_CORES_1 100048b0     win_btooth.obj
 0002:000008c0       _GUID_PROCESSOR_CORE_PARKING_MIN_CORES 100048c0     win_btooth.obj
 0002:000008d0       _GUID_PROCESSOR_CORE_PARKING_MIN_CORES_1 100048d0     win_btooth.obj
 0002:000008e0       _GUID_PROCESSOR_CORE_PARKING_INCREASE_TIME 100048e0     win_btooth.obj
 0002:000008f0       _GUID_PROCESSOR_CORE_PARKING_DECREASE_TIME 100048f0     win_btooth.obj
 0002:00000900       _GUID_PROCESSOR_CORE_PARKING_AFFINITY_HISTORY_DECREASE_FACTOR 10004900     win_btooth.obj
 0002:00000910       _GUID_PROCESSOR_CORE_PARKING_AFFINITY_HISTORY_THRESHOLD 10004910     win_btooth.obj
 0002:00000920       _GUID_PROCESSOR_CORE_PARKING_AFFINITY_WEIGHTING 10004920     win_btooth.obj
 0002:00000930       _GUID_PROCESSOR_CORE_PARKING_OVER_UTILIZATION_HISTORY_DECREASE_FACTOR 10004930     win_btooth.obj
 0002:00000940       _GUID_PROCESSOR_CORE_PARKING_OVER_UTILIZATION_HISTORY_THRESHOLD 10004940     win_btooth.obj
 0002:00000950       _GUID_PROCESSOR_CORE_PARKING_OVER_UTILIZATION_WEIGHTING 10004950     win_btooth.obj
 0002:00000960       _GUID_PROCESSOR_CORE_PARKING_OVER_UTILIZATION_THRESHOLD 10004960     win_btooth.obj
 0002:00000970       _GUID_PROCESSOR_PARKING_CORE_OVERRIDE 10004970     win_btooth.obj
 0002:00000980       _GUID_PROCESSOR_PARKING_PERF_STATE 10004980     win_btooth.obj
 0002:00000990       _GUID_PROCESSOR_PARKING_PERF_STATE_1 10004990     win_btooth.obj
 0002:000009a0       _GUID_PROCESSOR_PARKING_CONCURRENCY_THRESHOLD 100049a0     win_btooth.obj
 0002:000009b0       _GUID_PROCESSOR_PARKING_HEADROOM_THRESHOLD 100049b0     win_btooth.obj
 0002:000009c0       _GUID_PROCESSOR_PARKING_DISTRIBUTION_THRESHOLD 100049c0     win_btooth.obj
 0002:000009d0       _GUID_PROCESSOR_PERF_HISTORY 100049d0     win_btooth.obj
 0002:000009e0       _GUID_PROCESSOR_PERF_HISTORY_1 100049e0     win_btooth.obj
 0002:000009f0       _GUID_PROCESSOR_PERF_INCREASE_HISTORY 100049f0     win_btooth.obj
 0002:00000a00       _GUID_PROCESSOR_PERF_DECREASE_HISTORY 10004a00     win_btooth.obj
 0002:00000a10       _GUID_PROCESSOR_PERF_CORE_PARKING_HISTORY 10004a10     win_btooth.obj
 0002:00000a20       _GUID_PROCESSOR_PERF_LATENCY_HINT 10004a20     win_btooth.obj
 0002:00000a30       _GUID_PROCESSOR_PERF_LATENCY_HINT_PERF 10004a30     win_btooth.obj
 0002:00000a40       _GUID_PROCESSOR_PERF_LATENCY_HINT_PERF_1 10004a40     win_btooth.obj
 0002:00000a50       _GUID_PROCESSOR_LATENCY_HINT_MIN_UNPARK 10004a50     win_btooth.obj
 0002:00000a60       _GUID_PROCESSOR_LATENCY_HINT_MIN_UNPARK_1 10004a60     win_btooth.obj
 0002:00000a70       _GUID_PROCESSOR_DISTRIBUTE_UTILITY 10004a70     win_btooth.obj
 0002:00000a80       _GUID_PROCESSOR_HETEROGENEOUS_POLICY 10004a80     win_btooth.obj
 0002:00000a90       _GUID_PROCESSOR_HETERO_DECREASE_TIME 10004a90     win_btooth.obj
 0002:00000aa0       _GUID_PROCESSOR_HETERO_INCREASE_TIME 10004aa0     win_btooth.obj
 0002:00000ab0       _GUID_PROCESSOR_HETERO_DECREASE_THRESHOLD 10004ab0     win_btooth.obj
 0002:00000ac0       _GUID_PROCESSOR_HETERO_INCREASE_THRESHOLD 10004ac0     win_btooth.obj
 0002:00000ad0       _GUID_PROCESSOR_CLASS0_FLOOR_PERF 10004ad0     win_btooth.obj
 0002:00000ae0       _GUID_PROCESSOR_CLASS1_INITIAL_PERF 10004ae0     win_btooth.obj
 0002:00000af0       _GUID_PROCESSOR_THREAD_SCHEDULING_POLICY 10004af0     win_btooth.obj
 0002:00000b00       _GUID_PROCESSOR_SHORT_THREAD_SCHEDULING_POLICY 10004b00     win_btooth.obj
 0002:00000b10       _GUID_SYSTEM_COOLING_POLICY 10004b10     win_btooth.obj
 0002:00000b20       _GUID_LOCK_CONSOLE_ON_WAKE 10004b20     win_btooth.obj
 0002:00000b30       _GUID_DEVICE_IDLE_POLICY   10004b30     win_btooth.obj
 0002:00000b40       _GUID_CONNECTIVITY_IN_STANDBY 10004b40     win_btooth.obj
 0002:00000b50       _GUID_DISCONNECTED_STANDBY_MODE 10004b50     win_btooth.obj
 0002:00000b60       _GUID_ACDC_POWER_SOURCE    10004b60     win_btooth.obj
 0002:00000b70       _GUID_LIDSWITCH_STATE_CHANGE 10004b70     win_btooth.obj
 0002:00000b80       _GUID_BATTERY_PERCENTAGE_REMAINING 10004b80     win_btooth.obj
 0002:00000b90       _GUID_BATTERY_COUNT        10004b90     win_btooth.obj
 0002:00000ba0       _GUID_GLOBAL_USER_PRESENCE 10004ba0     win_btooth.obj
 0002:00000bb0       _GUID_SESSION_DISPLAY_STATUS 10004bb0     win_btooth.obj
 0002:00000bc0       _GUID_SESSION_USER_PRESENCE 10004bc0     win_btooth.obj
 0002:00000bd0       _GUID_IDLE_BACKGROUND_TASK 10004bd0     win_btooth.obj
 0002:00000be0       _GUID_BACKGROUND_TASK_NOTIFICATION 10004be0     win_btooth.obj
 0002:00000bf0       _GUID_APPLAUNCH_BUTTON     10004bf0     win_btooth.obj
 0002:00000c00       _GUID_PCIEXPRESS_SETTINGS_SUBGROUP 10004c00     win_btooth.obj
 0002:00000c10       _GUID_PCIEXPRESS_ASPM_POLICY 10004c10     win_btooth.obj
 0002:00000c20       _GUID_ENABLE_SWITCH_FORCED_SHUTDOWN 10004c20     win_btooth.obj
 0002:00000c30       _GUID_INTSTEER_SUBGROUP    10004c30     win_btooth.obj
 0002:00000c40       _GUID_INTSTEER_MODE        10004c40     win_btooth.obj
 0002:00000c50       _GUID_INTSTEER_LOAD_PER_PROC_TRIGGER 10004c50     win_btooth.obj
 0002:00000c60       _GUID_INTSTEER_TIME_UNPARK_TRIGGER 10004c60     win_btooth.obj
 0002:00000c70       _GUID_MIXED_REALITY_MODE   10004c70     win_btooth.obj
 0002:00000c80       _PPM_PERFSTATE_CHANGE_GUID 10004c80     win_btooth.obj
 0002:00000c90       _PPM_PERFSTATE_DOMAIN_CHANGE_GUID 10004c90     win_btooth.obj
 0002:00000ca0       _PPM_IDLESTATE_CHANGE_GUID 10004ca0     win_btooth.obj
 0002:00000cb0       _PPM_PERFSTATES_DATA_GUID  10004cb0     win_btooth.obj
 0002:00000cc0       _PPM_IDLESTATES_DATA_GUID  10004cc0     win_btooth.obj
 0002:00000cd0       _PPM_IDLE_ACCOUNTING_GUID  10004cd0     win_btooth.obj
 0002:00000ce0       _PPM_IDLE_ACCOUNTING_EX_GUID 10004ce0     win_btooth.obj
 0002:00000cf0       _PPM_THERMALCONSTRAINT_GUID 10004cf0     win_btooth.obj
 0002:00000d00       _PPM_PERFMON_PERFSTATE_GUID 10004d00     win_btooth.obj
 0002:00000d10       _PPM_THERMAL_POLICY_CHANGE_GUID 10004d10     win_btooth.obj
 0002:00000d20       _NETWORK_MANAGER_FIRST_IP_ADDRESS_ARRIVAL_GUID 10004d20     win_btooth.obj
 0002:00000d30       _NETWORK_MANAGER_LAST_IP_ADDRESS_REMOVAL_GUID 10004d30     win_btooth.obj
 0002:00000d40       _DOMAIN_JOIN_GUID          10004d40     win_btooth.obj
 0002:00000d50       _DOMAIN_LEAVE_GUID         10004d50     win_btooth.obj
 0002:00000d60       _FIREWALL_PORT_OPEN_GUID   10004d60     win_btooth.obj
 0002:00000d70       _FIREWALL_PORT_CLOSE_GUID  10004d70     win_btooth.obj
 0002:00000d80       _MACHINE_POLICY_PRESENT_GUID 10004d80     win_btooth.obj
 0002:00000d90       _USER_POLICY_PRESENT_GUID  10004d90     win_btooth.obj
 0002:00000da0       _RPC_INTERFACE_EVENT_GUID  10004da0     win_btooth.obj
 0002:00000db0       _NAMED_PIPE_EVENT_GUID     10004db0     win_btooth.obj
 0002:00000dc0       _CUSTOM_SYSTEM_STATE_CHANGE_EVENT_GUID 10004dc0     win_btooth.obj
 0002:00000dd0       _GUID_BTHPORT_DEVICE_INTERFACE 10004dd0     win_btooth.obj
 0002:00000de0       _GUID_BTH_RFCOMM_SERVICE_DEVICE_INTERFACE 10004de0     win_btooth.obj
 0002:00000df0       _GUID_BLUETOOTH_RADIO_IN_RANGE 10004df0     win_btooth.obj
 0002:00000e00       _GUID_BLUETOOTH_RADIO_OUT_OF_RANGE 10004e00     win_btooth.obj
 0002:00000e10       _GUID_BLUETOOTH_L2CAP_EVENT 10004e10     win_btooth.obj
 0002:00000e20       _GUID_BLUETOOTH_HCI_EVENT  10004e20     win_btooth.obj
 0002:00000e30       _Bluetooth_Base_UUID       10004e30     win_btooth.obj
 0002:00000e40       _SDP_PROTOCOL_UUID         10004e40     win_btooth.obj
 0002:00000e50       _UDP_PROTOCOL_UUID         10004e50     win_btooth.obj
 0002:00000e60       _RFCOMM_PROTOCOL_UUID      10004e60     win_btooth.obj
 0002:00000e70       _TCP_PROTOCOL_UUID         10004e70     win_btooth.obj
 0002:00000e80       _TCSBIN_PROTOCOL_UUID      10004e80     win_btooth.obj
 0002:00000e90       _TCSAT_PROTOCOL_UUID       10004e90     win_btooth.obj
 0002:00000ea0       _ATT_PROTOCOL_UUID         10004ea0     win_btooth.obj
 0002:00000eb0       _OBEX_PROTOCOL_UUID        10004eb0     win_btooth.obj
 0002:00000ec0       _IP_PROTOCOL_UUID          10004ec0     win_btooth.obj
 0002:00000ed0       _FTP_PROTOCOL_UUID         10004ed0     win_btooth.obj
 0002:00000ee0       _HTTP_PROTOCOL_UUID        10004ee0     win_btooth.obj
 0002:00000ef0       _WSP_PROTOCOL_UUID         10004ef0     win_btooth.obj
 0002:00000f00       _BNEP_PROTOCOL_UUID        10004f00     win_btooth.obj
 0002:00000f10       _UPNP_PROTOCOL_UUID        10004f10     win_btooth.obj
 0002:00000f20       _HID_PROTOCOL_UUID         10004f20     win_btooth.obj
 0002:00000f30       _HCCC_PROTOCOL_UUID        10004f30     win_btooth.obj
 0002:00000f40       _HCDC_PROTOCOL_UUID        10004f40     win_btooth.obj
 0002:00000f50       _HCN_PROTOCOL_UUID         10004f50     win_btooth.obj
 0002:00000f60       _AVCTP_PROTOCOL_UUID       10004f60     win_btooth.obj
 0002:00000f70       _AVDTP_PROTOCOL_UUID       10004f70     win_btooth.obj
 0002:00000f80       _CMPT_PROTOCOL_UUID        10004f80     win_btooth.obj
 0002:00000f90       _UDI_C_PLANE_PROTOCOL_UUID 10004f90     win_btooth.obj
 0002:00000fa0       _L2CAP_PROTOCOL_UUID       10004fa0     win_btooth.obj
 0002:00000fb0       _ServiceDiscoveryServerServiceClassID_UUID 10004fb0     win_btooth.obj
 0002:00000fc0       _BrowseGroupDescriptorServiceClassID_UUID 10004fc0     win_btooth.obj
 0002:00000fd0       _PublicBrowseGroupServiceClass_UUID 10004fd0     win_btooth.obj
 0002:00000fe0       _SerialPortServiceClass_UUID 10004fe0     win_btooth.obj
 0002:00000ff0       _LANAccessUsingPPPServiceClass_UUID 10004ff0     win_btooth.obj
 0002:00001000       _DialupNetworkingServiceClass_UUID 10005000     win_btooth.obj
 0002:00001010       _IrMCSyncServiceClass_UUID 10005010     win_btooth.obj
 0002:00001020       _OBEXObjectPushServiceClass_UUID 10005020     win_btooth.obj
 0002:00001030       _OBEXFileTransferServiceClass_UUID 10005030     win_btooth.obj
 0002:00001040       _IrMCSyncCommandServiceClass_UUID 10005040     win_btooth.obj
 0002:00001050       _HeadsetServiceClass_UUID  10005050     win_btooth.obj
 0002:00001060       _CordlessTelephonyServiceClass_UUID 10005060     win_btooth.obj
 0002:00001070       _AudioSourceServiceClass_UUID 10005070     win_btooth.obj
 0002:00001080       _AudioSinkServiceClass_UUID 10005080     win_btooth.obj
 0002:00001090       _AVRemoteControlTargetServiceClass_UUID 10005090     win_btooth.obj
 0002:000010a0       _AVRemoteControlServiceClass_UUID 100050a0     win_btooth.obj
 0002:000010b0       _AVRemoteControlControllerServiceClass_UUID 100050b0     win_btooth.obj
 0002:000010c0       _IntercomServiceClass_UUID 100050c0     win_btooth.obj
 0002:000010d0       _FaxServiceClass_UUID      100050d0     win_btooth.obj
 0002:000010e0       _HeadsetAudioGatewayServiceClass_UUID 100050e0     win_btooth.obj
 0002:000010f0       _WAPServiceClass_UUID      100050f0     win_btooth.obj
 0002:00001100       _WAPClientServiceClass_UUID 10005100     win_btooth.obj
 0002:00001110       _PANUServiceClass_UUID     10005110     win_btooth.obj
 0002:00001120       _NAPServiceClass_UUID      10005120     win_btooth.obj
 0002:00001130       _GNServiceClass_UUID       10005130     win_btooth.obj
 0002:00001140       _DirectPrintingServiceClass_UUID 10005140     win_btooth.obj
 0002:00001150       _ReferencePrintingServiceClass_UUID 10005150     win_btooth.obj
 0002:00001160       _ImagingResponderServiceClass_UUID 10005160     win_btooth.obj
 0002:00001170       _ImagingAutomaticArchiveServiceClass_UUID 10005170     win_btooth.obj
 0002:00001180       _ImagingReferenceObjectsServiceClass_UUID 10005180     win_btooth.obj
 0002:00001190       _HandsfreeServiceClass_UUID 10005190     win_btooth.obj
 0002:000011a0       _HandsfreeAudioGatewayServiceClass_UUID 100051a0     win_btooth.obj
 0002:000011b0       _DirectPrintingReferenceObjectsServiceClass_UUID 100051b0     win_btooth.obj
 0002:000011c0       _ReflectedUIServiceClass_UUID 100051c0     win_btooth.obj
 0002:000011d0       _PrintingStatusServiceClass_UUID 100051d0     win_btooth.obj
 0002:000011e0       _HumanInterfaceDeviceServiceClass_UUID 100051e0     win_btooth.obj
 0002:000011f0       _HCRPrintServiceClass_UUID 100051f0     win_btooth.obj
 0002:00001200       _HCRScanServiceClass_UUID  10005200     win_btooth.obj
 0002:00001210       _CommonISDNAccessServiceClass_UUID 10005210     win_btooth.obj
 0002:00001220       _VideoConferencingGWServiceClass_UUID 10005220     win_btooth.obj
 0002:00001230       _UDIMTServiceClass_UUID    10005230     win_btooth.obj
 0002:00001240       _UDITAServiceClass_UUID    10005240     win_btooth.obj
 0002:00001250       _AudioVideoServiceClass_UUID 10005250     win_btooth.obj
 0002:00001260       _SimAccessServiceClass_UUID 10005260     win_btooth.obj
 0002:00001270       _PhonebookAccessPceServiceClass_UUID 10005270     win_btooth.obj
 0002:00001280       _PhonebookAccessPseServiceClass_UUID 10005280     win_btooth.obj
 0002:00001290       _HeadsetHSServiceClass_UUID 10005290     win_btooth.obj
 0002:000012a0       _MessageAccessServerServiceClass_UUID 100052a0     win_btooth.obj
 0002:000012b0       _MessageNotificationServerServiceClass_UUID 100052b0     win_btooth.obj
 0002:000012c0       _GNSSServerServiceClass_UUID 100052c0     win_btooth.obj
 0002:000012d0       _ThreeDimensionalDisplayServiceClass_UUID 100052d0     win_btooth.obj
 0002:000012e0       _ThreeDimensionalGlassesServiceClass_UUID 100052e0     win_btooth.obj
 0002:000012f0       _MPSServiceClass_UUID      100052f0     win_btooth.obj
 0002:00001300       _CTNAccessServiceClass_UUID 10005300     win_btooth.obj
 0002:00001310       _CTNNotificationServiceClass_UUID 10005310     win_btooth.obj
 0002:00001320       _PnPInformationServiceClass_UUID 10005320     win_btooth.obj
 0002:00001330       _GenericNetworkingServiceClass_UUID 10005330     win_btooth.obj
 0002:00001340       _GenericFileTransferServiceClass_UUID 10005340     win_btooth.obj
 0002:00001350       _GenericAudioServiceClass_UUID 10005350     win_btooth.obj
 0002:00001360       _GenericTelephonyServiceClass_UUID 10005360     win_btooth.obj
 0002:00001370       _UPnpServiceClass_UUID     10005370     win_btooth.obj
 0002:00001380       _UPnpIpServiceClass_UUID   10005380     win_btooth.obj
 0002:00001390       _ESdpUpnpIpPanServiceClass_UUID 10005390     win_btooth.obj
 0002:000013a0       _ESdpUpnpIpLapServiceClass_UUID 100053a0     win_btooth.obj
 0002:000013b0       _ESdpUpnpL2capServiceClass_UUID 100053b0     win_btooth.obj
 0002:000013c0       _VideoSourceServiceClass_UUID 100053c0     win_btooth.obj
 0002:000013d0       _VideoSinkServiceClass_UUID 100053d0     win_btooth.obj
 0002:000013e0       _HealthDeviceProfileSourceServiceClass_UUID 100053e0     win_btooth.obj
 0002:000013f0       _HealthDeviceProfileSinkServiceClass_UUID 100053f0     win_btooth.obj
 0002:00001400       _AdvancedAudioDistributionProfile_UUID 10005400     win_btooth.obj
 0002:00001410       _ImagingServiceProfile_UUID 10005410     win_btooth.obj
 0002:00001420       _BasicPrintingProfile_UUID 10005420     win_btooth.obj
 0002:00001430       _HardcopyCableReplacementProfile_UUID 10005430     win_btooth.obj
 0002:00001440       _PhonebookAccessProfile_UUID 10005440     win_btooth.obj
 0002:00001450       _MessageAccessProfile_UUID 10005450     win_btooth.obj
 0002:00001460       _GNSSProfile_UUID          10005460     win_btooth.obj
 0002:00001470       _ThreeDimensionalSynchronizationProfile_UUID 10005470     win_btooth.obj
 0002:00001480       _MPSProfile_UUID           10005480     win_btooth.obj
 0002:00001490       _CTNProfile_UUID           10005490     win_btooth.obj
 0002:000014a0       _VideoDistributionProfile_UUID 100054a0     win_btooth.obj
 0002:000014b0       _HealthDeviceProfile_UUID  100054b0     win_btooth.obj
 0002:000014c0       _GUID_DEVCLASS_1394        100054c0     win_btooth.obj
 0002:000014d0       _GUID_DEVCLASS_1394DEBUG   100054d0     win_btooth.obj
 0002:000014e0       _GUID_DEVCLASS_61883       100054e0     win_btooth.obj
 0002:000014f0       _GUID_DEVCLASS_ADAPTER     100054f0     win_btooth.obj
 0002:00001500       _GUID_DEVCLASS_APMSUPPORT  10005500     win_btooth.obj
 0002:00001510       _GUID_DEVCLASS_AVC         10005510     win_btooth.obj
 0002:00001520       _GUID_DEVCLASS_BATTERY     10005520     win_btooth.obj
 0002:00001530       _GUID_DEVCLASS_BIOMETRIC   10005530     win_btooth.obj
 0002:00001540       _GUID_DEVCLASS_BLUETOOTH   10005540     win_btooth.obj
 0002:00001550       _GUID_DEVCLASS_CAMERA      10005550     win_btooth.obj
 0002:00001560       _GUID_DEVCLASS_CDROM       10005560     win_btooth.obj
 0002:00001570       _GUID_DEVCLASS_COMPUTER    10005570     win_btooth.obj
 0002:00001580       _GUID_DEVCLASS_DECODER     10005580     win_btooth.obj
 0002:00001590       _GUID_DEVCLASS_DISKDRIVE   10005590     win_btooth.obj
 0002:000015a0       _GUID_DEVCLASS_DISPLAY     100055a0     win_btooth.obj
 0002:000015b0       _GUID_DEVCLASS_DOT4        100055b0     win_btooth.obj
 0002:000015c0       _GUID_DEVCLASS_DOT4PRINT   100055c0     win_btooth.obj
 0002:000015d0       _GUID_DEVCLASS_EHSTORAGESILO 100055d0     win_btooth.obj
 0002:000015e0       _GUID_DEVCLASS_ENUM1394    100055e0     win_btooth.obj
 0002:000015f0       _GUID_DEVCLASS_EXTENSION   100055f0     win_btooth.obj
 0002:00001600       _GUID_DEVCLASS_FDC         10005600     win_btooth.obj
 0002:00001610       _GUID_DEVCLASS_FIRMWARE    10005610     win_btooth.obj
 0002:00001620       _GUID_DEVCLASS_FLOPPYDISK  10005620     win_btooth.obj
 0002:00001630       _GUID_DEVCLASS_GPS         10005630     win_btooth.obj
 0002:00001640       _GUID_DEVCLASS_HDC         10005640     win_btooth.obj
 0002:00001650       _GUID_DEVCLASS_HIDCLASS    10005650     win_btooth.obj
 0002:00001660       _GUID_DEVCLASS_HOLOGRAPHIC 10005660     win_btooth.obj
 0002:00001670       _GUID_DEVCLASS_IMAGE       10005670     win_btooth.obj
 0002:00001680       _GUID_DEVCLASS_INFINIBAND  10005680     win_btooth.obj
 0002:00001690       _GUID_DEVCLASS_INFRARED    10005690     win_btooth.obj
 0002:000016a0       _GUID_DEVCLASS_KEYBOARD    100056a0     win_btooth.obj
 0002:000016b0       _GUID_DEVCLASS_LEGACYDRIVER 100056b0     win_btooth.obj
 0002:000016c0       _GUID_DEVCLASS_MEDIA       100056c0     win_btooth.obj
 0002:000016d0       _GUID_DEVCLASS_MEDIUM_CHANGER 100056d0     win_btooth.obj
 0002:000016e0       _GUID_DEVCLASS_MEMORY      100056e0     win_btooth.obj
 0002:000016f0       _GUID_DEVCLASS_MODEM       100056f0     win_btooth.obj
 0002:00001700       _GUID_DEVCLASS_MONITOR     10005700     win_btooth.obj
 0002:00001710       _GUID_DEVCLASS_MOUSE       10005710     win_btooth.obj
 0002:00001720       _GUID_DEVCLASS_MTD         10005720     win_btooth.obj
 0002:00001730       _GUID_DEVCLASS_MULTIFUNCTION 10005730     win_btooth.obj
 0002:00001740       _GUID_DEVCLASS_MULTIPORTSERIAL 10005740     win_btooth.obj
 0002:00001750       _GUID_DEVCLASS_NET         10005750     win_btooth.obj
 0002:00001760       _GUID_DEVCLASS_NETCLIENT   10005760     win_btooth.obj
 0002:00001770       _GUID_DEVCLASS_NETDRIVER   10005770     win_btooth.obj
 0002:00001780       _GUID_DEVCLASS_NETSERVICE  10005780     win_btooth.obj
 0002:00001790       _GUID_DEVCLASS_NETTRANS    10005790     win_btooth.obj
 0002:000017a0       _GUID_DEVCLASS_NODRIVER    100057a0     win_btooth.obj
 0002:000017b0       _GUID_DEVCLASS_PCMCIA      100057b0     win_btooth.obj
 0002:000017c0       _GUID_DEVCLASS_PNPPRINTERS 100057c0     win_btooth.obj
 0002:000017d0       _GUID_DEVCLASS_PORTS       100057d0     win_btooth.obj
 0002:000017e0       _GUID_DEVCLASS_PRINTER     100057e0     win_btooth.obj
 0002:000017f0       _GUID_DEVCLASS_PRINTERUPGRADE 100057f0     win_btooth.obj
 0002:00001800       _GUID_DEVCLASS_PRINTQUEUE  10005800     win_btooth.obj
 0002:00001810       _GUID_DEVCLASS_PROCESSOR   10005810     win_btooth.obj
 0002:00001820       _GUID_DEVCLASS_SBP2        10005820     win_btooth.obj
 0002:00001830       _GUID_DEVCLASS_SCMDISK     10005830     win_btooth.obj
 0002:00001840       _GUID_DEVCLASS_SCMVOLUME   10005840     win_btooth.obj
 0002:00001850       _GUID_DEVCLASS_SCSIADAPTER 10005850     win_btooth.obj
 0002:00001860       _GUID_DEVCLASS_SECURITYACCELERATOR 10005860     win_btooth.obj
 0002:00001870       _GUID_DEVCLASS_SENSOR      10005870     win_btooth.obj
 0002:00001880       _GUID_DEVCLASS_SIDESHOW    10005880     win_btooth.obj
 0002:00001890       _GUID_DEVCLASS_SMARTCARDREADER 10005890     win_btooth.obj
 0002:000018a0       _GUID_DEVCLASS_SMRDISK     100058a0     win_btooth.obj
 0002:000018b0       _GUID_DEVCLASS_SMRVOLUME   100058b0     win_btooth.obj
 0002:000018c0       _GUID_DEVCLASS_SOFTWARECOMPONENT 100058c0     win_btooth.obj
 0002:000018d0       _GUID_DEVCLASS_SOUND       100058d0     win_btooth.obj
 0002:000018e0       _GUID_DEVCLASS_SYSTEM      100058e0     win_btooth.obj
 0002:000018f0       _GUID_DEVCLASS_TAPEDRIVE   100058f0     win_btooth.obj
 0002:00001900       _GUID_DEVCLASS_UNKNOWN     10005900     win_btooth.obj
 0002:00001910       _GUID_DEVCLASS_USB         10005910     win_btooth.obj
 0002:00001920       _GUID_DEVCLASS_VOLUME      10005920     win_btooth.obj
 0002:00001930       _GUID_DEVCLASS_VOLUMESNAPSHOT 10005930     win_btooth.obj
 0002:00001940       _GUID_DEVCLASS_WCEUSBS     10005940     win_btooth.obj
 0002:00001950       _GUID_DEVCLASS_WPD         10005950     win_btooth.obj
 0002:00001960       _GUID_DEVCLASS_FSFILTER_TOP 10005960     win_btooth.obj
 0002:00001970       _GUID_DEVCLASS_FSFILTER_ACTIVITYMONITOR 10005970     win_btooth.obj
 0002:00001980       _GUID_DEVCLASS_FSFILTER_UNDELETE 10005980     win_btooth.obj
 0002:00001990       _GUID_DEVCLASS_FSFILTER_ANTIVIRUS 10005990     win_btooth.obj
 0002:000019a0       _GUID_DEVCLASS_FSFILTER_REPLICATION 100059a0     win_btooth.obj
 0002:000019b0       _GUID_DEVCLASS_FSFILTER_CONTINUOUSBACKUP 100059b0     win_btooth.obj
 0002:000019c0       _GUID_DEVCLASS_FSFILTER_CONTENTSCREENER 100059c0     win_btooth.obj
 0002:000019d0       _GUID_DEVCLASS_FSFILTER_QUOTAMANAGEMENT 100059d0     win_btooth.obj
 0002:000019e0       _GUID_DEVCLASS_FSFILTER_SYSTEMRECOVERY 100059e0     win_btooth.obj
 0002:000019f0       _GUID_DEVCLASS_FSFILTER_CFSMETADATASERVER 100059f0     win_btooth.obj
 0002:00001a00       _GUID_DEVCLASS_FSFILTER_HSM 10005a00     win_btooth.obj
 0002:00001a10       _GUID_DEVCLASS_FSFILTER_COMPRESSION 10005a10     win_btooth.obj
 0002:00001a20       _GUID_DEVCLASS_FSFILTER_ENCRYPTION 10005a20     win_btooth.obj
 0002:00001a30       _GUID_DEVCLASS_FSFILTER_VIRTUALIZATION 10005a30     win_btooth.obj
 0002:00001a40       _GUID_DEVCLASS_FSFILTER_PHYSICALQUOTAMANAGEMENT 10005a40     win_btooth.obj
 0002:00001a50       _GUID_DEVCLASS_FSFILTER_OPENFILEBACKUP 10005a50     win_btooth.obj
 0002:00001a60       _GUID_DEVCLASS_FSFILTER_SECURITYENHANCER 10005a60     win_btooth.obj
 0002:00001a70       _GUID_DEVCLASS_FSFILTER_COPYPROTECTION 10005a70     win_btooth.obj
 0002:00001a80       _GUID_DEVCLASS_FSFILTER_BOTTOM 10005a80     win_btooth.obj
 0002:00001a90       _GUID_DEVCLASS_FSFILTER_SYSTEM 10005a90     win_btooth.obj
 0002:00001aa0       _GUID_DEVCLASS_FSFILTER_INFRASTRUCTURE 10005aa0     win_btooth.obj
 0002:00001ab0       ??_C@_0CG@NPMANNOK@WinPcap?9plugin?1BlueTooth?1win_bto@ 10005ab0     win_btooth.obj
 0002:00001ad6       ??_C@_0N@DBKMIIED@?$FLBluetooth?$FN?5?$AA@ 10005ad6     win_btooth.obj
 0002:00001ae3       ??_C@_0L@GPDHCKBD@?$CFs?$CFs?$CI?$CFu?$CJ?3?5?$AA@ 10005ae3     win_btooth.obj
 0002:00001aee       ??_C@_0BE@KOCBBDLE@GetPluginApiVersion?$AA@ 10005aee     win_btooth.obj
 0002:00001b02       ??_C@_0BG@HGIHHHOJ@?$CFs?$CI?$CJ?5called?4?5ver?3?5?$CFd?6?$AA@ 10005b02     win_btooth.obj
 0002:00001b18       ??_C@_0P@IGMHCPGC@PCAP?9BlueTooth?$AA@ 10005b18     win_btooth.obj
 0002:00001b27       ??_C@_0O@PNNDMIOO@GetPluginName?$AA@ 10005b27     win_btooth.obj
 0002:00001b35       ??_C@_0O@KLCJHALO@?$CFs?$CI?$CJ?5called?4?6?$AA@ 10005b35     win_btooth.obj
 0002:00001b43       ??_C@_0P@FBONFNBH@FreeDeviceList?$AA@ 10005b43     win_btooth.obj
 0002:00001b52       ??_C@_0O@HEMADPC@GetDeviceList?$AA@ 10005b52     win_btooth.obj
 0002:00001b60       ??_C@_0DF@FOCGJEGN@Failed?5to?5allocate?5memory?5for?5th@ 10005b60     win_btooth.obj
 0002:00001b95       ??_C@_0BB@CIIPFCEM@?2?2PCAP?9BlueTooth?$AA@ 10005b95     win_btooth.obj
 0002:00001ba6       ??_C@_0BB@CHMAAAML@BlueTooth?5Device?$AA@ 10005ba6     win_btooth.obj
 0002:00001bb7       ??_C@_0N@HHECMEEM@OpenInstance?$AA@ 10005bb7     win_btooth.obj
 0002:00001bc4       ??_C@_0DC@KMKPNNGD@Failed?5to?5allocate?5memory?5for?5th@ 10005bc4     win_btooth.obj
 0002:00001bf6       ??_C@_0O@FKMOIJOK@CloseInstance?$AA@ 10005bf6     win_btooth.obj
 0002:00001c04       ??_C@_0M@MHJHIKHK@GetLinkType?$AA@ 10005c04     win_btooth.obj
 0002:00001c10       ??_C@_0BB@LFAEFDDE@GetSupportedDlts?$AA@ 10005c10     win_btooth.obj
 0002:00001c21       ??_C@_0BP@IKABGEGK@DLT_BLUETOOTH_HCI_H4_WITH_PHDR?$AA@ 10005c21     win_btooth.obj
 0002:00001c40       ??_C@_0CO@NLABCMNP@Currently?5only?5?$CFs?5is?5the?5support@ 10005c40     win_btooth.obj
 0002:00001c6e       ??_C@_08HBBBJJPB@GetStats?$AA@ 10005c6e     win_btooth.obj
 0002:00001c77       ??_C@_0P@FLEECFKF@SetReadTimeout?$AA@ 10005c77     win_btooth.obj
 0002:00001c86       ??_C@_0O@DJLGPGFL@GetNextPacket?$AA@ 10005c86     win_btooth.obj
 0002:00001c94       ??_C@_09BALHKCBJ@BlueTooth?$AA@ 10005c94     win_btooth.obj
 0002:00001c9e       ??_C@_0O@BBCLECG@SetBufferSize?$AA@ 10005c9e     win_btooth.obj
 0002:00001cac       ??_C@_0N@BMAGMOMF@SetMinToCopy?$AA@ 10005cac     win_btooth.obj
 0002:00001cb9       ??_C@_0O@NIPGCINC@Unknown?5error?$AA@ 10005cb9     win_btooth.obj
 0002:00001cc7       ??_C@_07ENIFFHGA@?$CFlu?3?5?$CFs?$AA@ 10005cc7     win_btooth.obj
 0002:00001ccf       ??_C@_07JLKLLPCJ@DllMain?$AA@ 10005ccf     win_btooth.obj
 0002:00001cd7       ??_C@_0CE@ICEGJPMI@?$CFs?5?$CI?$CFp?0DLL_PROCESS_ATTACH?$CJ?5calle@ 10005cd7     win_btooth.obj
 0002:00001cfb       ??_C@_0CE@DOKHNMEL@?$CFs?5?$CI?$CFp?0DLL_PROCESS_DETACH?$CJ?5calle@ 10005cfb     win_btooth.obj
 0002:00001d1f       ??_C@_0BP@EJKKBBDJ@BluetoothFindFirstRadio?$CI?$CJ?3?5?$CFs?6?$AA@ 10005d1f     win_btooth.obj
 0002:00001d50       ??_C@_0CA@LJGDCKAC@SetupDiGetDeviceProperty?$CI?$CJ?3?5?$CFs?6?$AA@ 10005d50     win_btooth.obj
 0002:00001d70       ??_C@_0L@NJKPDDID@PCAP_TRACE?$AA@ 10005d70     pcap-trace.obj
 0002:00001d7c       __pRawDllMain              10005d7c     msvcrt:dll_dllmain.obj
 0002:00001d7c       __pDefaultRawDllMain       10005d7c     msvcrt:dll_dllmain.obj
 0002:00001de8       __load_config_used         10005de8     msvcrt:loadcfg.obj
 0002:00001e90       ___safe_se_handler_table   10005e90     <linker-defined>
 0002:00002140       ___rtc_iaa                 10006140     msvcrt:_initsect_.obj
 0002:00002144       ___rtc_izz                 10006144     msvcrt:_initsect_.obj
 0002:00002148       ___rtc_taa                 10006148     msvcrt:_initsect_.obj
 0002:0000214c       ___rtc_tzz                 1000614c     msvcrt:_initsect_.obj
 0002:00002364       __IMPORT_DESCRIPTOR_bthprops 10006364     bthprops:bthprops.cpl
 0002:00002378       __IMPORT_DESCRIPTOR_SETUPAPI 10006378     setupapi:SETUPAPI.dll
 0002:0000238c       __IMPORT_DESCRIPTOR_KERNEL32 1000638c     kernel32:KERNEL32.dll
 0002:000023a0       __IMPORT_DESCRIPTOR_VCRUNTIME140 100063a0     vcruntime:VCRUNTIME140.dll
 0002:000023b4       __IMPORT_DESCRIPTOR_api-ms-win-crt-stdio-l1-1-0 100063b4     ucrt:api-ms-win-crt-stdio-l1-1-0.dll
 0002:000023c8       __IMPORT_DESCRIPTOR_api-ms-win-crt-string-l1-1-0 100063c8     ucrt:api-ms-win-crt-string-l1-1-0.dll
 0002:000023dc       __IMPORT_DESCRIPTOR_api-ms-win-crt-heap-l1-1-0 100063dc     ucrt:api-ms-win-crt-heap-l1-1-0.dll
 0002:000023f0       __IMPORT_DESCRIPTOR_api-ms-win-crt-environment-l1-1-0 100063f0     ucrt:api-ms-win-crt-environment-l1-1-0.dll
 0002:00002404       __IMPORT_DESCRIPTOR_api-ms-win-crt-runtime-l1-1-0 10006404     ucrt:api-ms-win-crt-runtime-l1-1-0.dll
 0002:00002418       __NULL_IMPORT_DESCRIPTOR   10006418     bthprops:bthprops.cpl
 0003:00000000       ___scrt_native_dllmain_reason 10007000     msvcrt:utility.obj
 0003:00000010       ___security_cookie         10007010     msvcrt:gs_cookie.obj
 0003:00000014       ___security_cookie_complement 10007014     msvcrt:gs_cookie.obj
 0003:00000018       ___isa_enabled             10007018     msvcrt:_cpu_disp_.obj
 0003:0000001c       ___scrt_ucrt_dll_is_in_use 1000701c     msvcrt:ucrt_stubs.obj
 0003:00000260       ?__type_info_root_node@@3U__type_info_node@@A 10007260     msvcrt:tncleanup.obj
 0003:00000268       ?_OptionsStorage@?1??__local_stdio_printf_options@@9@4_KA 10007268     msvcrt:default_local_stdio_options.obj
 0003:00000270       ?_OptionsStorage@?1??__local_stdio_scanf_options@@9@4_KA 10007270     msvcrt:default_local_stdio_options.obj
 0003:00000278       ___scrt_current_native_startup_state 10007278     msvcrt:utility.obj
 0003:0000027c       ___scrt_native_startup_lock 1000727c     msvcrt:utility.obj
 0003:0000029c       ___scrt_debugger_hook_flag 1000729c     msvcrt:utility_desktop.obj
 0003:000002a0       ___isa_available           100072a0     msvcrt:_cpu_disp_.obj
 0003:000002a4       ___favor                   100072a4     msvcrt:_cpu_disp_.obj
 0003:000005c4       _g_dbg_level               100075c4     <common>
 0003:000005e0       _g_trace_crit              100075e0     <common>
 0003:000005f8       ___dyn_tls_init_callback   100075f8     <common>

 entry point at        0001:00001258

 Static symbols

 0000:ffff6000       .debug$S                   10000000     ucrt:api-ms-win-crt-runtime-l1-1-0.dll
 0000:ffff6000       .debug$S                   10000000     ucrt:api-ms-win-crt-runtime-l1-1-0.dll
 0000:ffff6000       .debug$S                   10000000     winpcap_btooth_plugin.exp
 0000:ffff6000       .debug$S                   10000000     ucrt:api-ms-win-crt-runtime-l1-1-0.dll
 0000:ffff6000       .debug$S                   10000000     ucrt:api-ms-win-crt-runtime-l1-1-0.dll
 0000:ffff6000       .debug$S                   10000000     ucrt:api-ms-win-crt-runtime-l1-1-0.dll
 0000:ffff6000       .debug$S                   10000000     ucrt:api-ms-win-crt-stdio-l1-1-0.dll
 0000:ffff6000       .debug$S                   10000000     ucrt:api-ms-win-crt-stdio-l1-1-0.dll
 0000:ffff6000       .debug$S                   10000000     ucrt:api-ms-win-crt-stdio-l1-1-0.dll
 0000:ffff6000       .debug$S                   10000000     ucrt:api-ms-win-crt-stdio-l1-1-0.dll
 0000:ffff6000       .debug$S                   10000000     ucrt:api-ms-win-crt-string-l1-1-0.dll
 0000:ffff6000       .debug$S                   10000000     ucrt:api-ms-win-crt-string-l1-1-0.dll
 0000:ffff6000       .debug$S                   10000000     ucrt:api-ms-win-crt-string-l1-1-0.dll
 0000:ffff6000       .debug$S                   10000000     ucrt:api-ms-win-crt-string-l1-1-0.dll
 0000:ffff6000       .debug$S                   10000000     vcruntime:VCRUNTIME140.dll
 0000:ffff6000       .debug$S                   10000000     vcruntime:VCRUNTIME140.dll
 0000:ffff6000       .debug$S                   10000000     vcruntime:VCRUNTIME140.dll
 0000:ffff6000       .debug$S                   10000000     vcruntime:VCRUNTIME140.dll
 0000:ffff6000       .debug$S                   10000000     kernel32:KERNEL32.dll
 0000:ffff6000       .debug$S                   10000000     kernel32:KERNEL32.dll
 0000:ffff6000       .debug$S                   10000000     kernel32:KERNEL32.dll
 0000:ffff6000       .debug$S                   10000000     ucrt:api-ms-win-crt-environment-l1-1-0.dll
 0000:ffff6000       .debug$S                   10000000     kernel32:KERNEL32.dll
 0000:ffff6000       .debug$S                   10000000     kernel32:KERNEL32.dll
 0000:ffff6000       .debug$S                   10000000     ucrt:api-ms-win-crt-heap-l1-1-0.dll
 0000:ffff6000       .debug$S                   10000000     ucrt:api-ms-win-crt-heap-l1-1-0.dll
 0000:ffff6000       .debug$S                   10000000     bthprops:bthprops.cpl
 0000:ffff6000       .debug$S                   10000000     bthprops:bthprops.cpl
 0000:ffff6000       .debug$S                   10000000     kernel32:KERNEL32.dll
 0000:ffff6000       .debug$S                   10000000     setupapi:SETUPAPI.dll
 0000:ffff6000       .debug$S                   10000000     setupapi:SETUPAPI.dll
 0000:ffff6000       .debug$S                   10000000     setupapi:SETUPAPI.dll
 0000:ffff6000       .debug$S                   10000000     setupapi:SETUPAPI.dll
 0000:ffff6000       .debug$S                   10000000     kernel32:KERNEL32.dll
 0000:ffff6000       .debug$S                   10000000     kernel32:KERNEL32.dll
 0002:ffffc000       __guard_fids___except_handler4 10000000     msvcrt:_chandler4gs_.obj
 0000:ffff6000       .debug$S                   10000000     kernel32:KERNEL32.dll
 0000:ffff6000       .debug$S                   10000000     ucrt:api-ms-win-crt-runtime-l1-1-0.dll
 0000:ffff6000       .debug$S                   10000000     ucrt:api-ms-win-crt-runtime-l1-1-0.dll
 0000:ffff6000       .debug$S                   10000000     kernel32:KERNEL32.dll
 0000:ffff6000       .debug$S                   10000000     kernel32:KERNEL32.dll
 0002:ffffc000       __guard_fids__             10000000     msvcrt:guard_support.obj
 0002:ffffc000       __guard_fids___guard_icall_checks_enforced 10000000     msvcrt:guard_support.obj
 0000:ffff6000       .debug$S                   10000000     ucrt:api-ms-win-crt-runtime-l1-1-0.dll
 0000:ffff6000       .debug$S                   10000000     kernel32:KERNEL32.dll
 0000:ffff6000       .debug$S                   10000000     kernel32:KERNEL32.dll
 0000:ffff6000       .debug$S                   10000000     kernel32:KERNEL32.dll
 0000:ffff6000       .debug$S                   10000000     kernel32:KERNEL32.dll
 0000:ffff6000       .debug$S                   10000000     kernel32:KERNEL32.dll
 0000:ffff6000       .debug$S                   10000000     kernel32:KERNEL32.dll
 0000:ffff6000       .debug$S                   10000000     kernel32:KERNEL32.dll
 0002:ffffc000       __guard_fids_?dllmain_dispatch@@YAHQAUHINSTANCE__@@KQAX@Z 10000000     msvcrt:dll_dllmain.obj
 0000:ffff6000       .debug$S                   10000000     kernel32:KERNEL32.dll
 0000:ffff6000       .debug$S                   10000000     ucrt:api-ms-win-crt-runtime-l1-1-0.dll
 0000:ffff6000       .debug$S                   10000000     ucrt:api-ms-win-crt-runtime-l1-1-0.dll
 0000:ffff6000       .debug$S                   10000000     ucrt:api-ms-win-crt-runtime-l1-1-0.dll
 0000:ffff6000       .debug$S                   10000000     kernel32:KERNEL32.dll
 0002:ffffc000       __guard_fids____scrt_set_unhandled_exception_filter 10000000     msvcrt:utility_desktop.obj
 0000:ffff6000       .debug$S                   10000000     kernel32:KERNEL32.dll
 0000:ffff6000       .debug$S                   10000000     ucrt:api-ms-win-crt-runtime-l1-1-0.dll
 0000:ffff6000       .debug$S                   10000000     kernel32:KERNEL32.dll
 0001:00000eb0       $$000000                   10001eb0     msvcrt:ulldiv.obj
 0001:00000f18       ?dllmain_crt_dispatch@@YGHQAUHINSTANCE__@@KQAX@Z 10001f18 f   msvcrt:dll_dllmain.obj
 0001:00000f6b       ?dllmain_crt_process_attach@@YAHQAUHINSTANCE__@@QAX@Z 10001f6b f   msvcrt:dll_dllmain.obj
 0001:0000106a       ?dllmain_crt_process_detach@@YAH_N@Z 1000206a f   msvcrt:dll_dllmain.obj
 0001:000010f2       ?dllmain_dispatch@@YAHQAUHINSTANCE__@@KQAX@Z 100020f2 f   msvcrt:dll_dllmain.obj
 0001:00001225       ?dllmain_raw@@YGHQAUHINSTANCE__@@KQAX@Z 10002225 f   msvcrt:dll_dllmain.obj
 0001:0000127b       ___get_entropy             1000227b f   msvcrt:gs_support.obj
 0001:0000139b       ?find_pe_section@@YAPAU_IMAGE_SECTION_HEADER@@QAEI@Z 1000239b f   msvcrt:utility.obj
 0001:000013e4       ?is_potentially_valid_image_base@@YA_NQAX@Z 100023e4 f   msvcrt:utility.obj
 0001:000019a0       $$000000                   100029a0     msvcrt:_sehprolg4_.obj
 0002:00001d40       _enum_netcards.GUID_DEVCLASS_NET__ 10005d40     win_btooth.obj
 0002:00001d80       _GS_ExceptionPointers      10005d80     msvcrt:gs_report.obj
 0002:00002150       __sehtable$?dllmain_crt_process_attach@@YAHQAUHINSTANCE__@@QAX@Z 10006150     msvcrt:dll_dllmain.obj
 0002:00002170       __sehtable$?dllmain_crt_process_detach@@YAH_N@Z 10006170     msvcrt:dll_dllmain.obj
 0002:00002190       __sehtable$?dllmain_dispatch@@YAHQAUHINSTANCE__@@KQAX@Z 10006190     msvcrt:dll_dllmain.obj
 0002:000021b0       __sehtable$___scrt_is_nonwritable_in_current_image 100061b0     msvcrt:utility.obj
 0002:000021d0       .edata                     100061d0     winpcap_btooth_plugin.exp
 0002:000021f8       rgpv                       100061f8     winpcap_btooth_plugin.exp
 0002:00002230       rgszName                   10006230     winpcap_btooth_plugin.exp
 0002:00002268       rgwOrd                     10006268     winpcap_btooth_plugin.exp
 0002:00002284       szName                     10006284     winpcap_btooth_plugin.exp
 0002:0000229e       $N00001                    1000629e     winpcap_btooth_plugin.exp
 0002:000022ac       $N00002                    100062ac     winpcap_btooth_plugin.exp
 0002:000022bb       $N00003                    100062bb     winpcap_btooth_plugin.exp
 0002:000022c9       $N00004                    100062c9     winpcap_btooth_plugin.exp
 0002:000022d5       $N00005                    100062d5     winpcap_btooth_plugin.exp
 0002:000022e3       $N00006                    100062e3     winpcap_btooth_plugin.exp
 0002:000022f7       $N00007                    100062f7     winpcap_btooth_plugin.exp
 0002:00002305       $N00008                    10006305     winpcap_btooth_plugin.exp
 0002:0000230e       $N00009                    1000630e     winpcap_btooth_plugin.exp
 0002:0000231f       $N00010                    1000631f     winpcap_btooth_plugin.exp
 0002:0000232c       $N00011                    1000632c     winpcap_btooth_plugin.exp
 0002:0000233a       $N00012                    1000633a     winpcap_btooth_plugin.exp
 0002:00002346       $N00013                    10006346     winpcap_btooth_plugin.exp
 0002:00002353       $N00014                    10006353     winpcap_btooth_plugin.exp
 0002:00002560       .idata$6                   10006560     bthprops:bthprops.cpl
 0002:000025da       .idata$6                   100065da     setupapi:SETUPAPI.dll
 0002:000027d4       .idata$6                   100067d4     kernel32:KERNEL32.dll
 0002:00002830       .idata$6                   10006830     vcruntime:VCRUNTIME140.dll
 0002:000029ca       .idata$6                   100069ca     ucrt:api-ms-win-crt-stdio-l1-1-0.dll
 0002:000029ea       .idata$6                   100069ea     ucrt:api-ms-win-crt-string-l1-1-0.dll
 0002:00002a0c       .idata$6                   10006a0c     ucrt:api-ms-win-crt-heap-l1-1-0.dll
 0002:00002a2c       .idata$6                   10006a2c     ucrt:api-ms-win-crt-environment-l1-1-0.dll
 0002:00002a52       .idata$6                   10006a52     ucrt:api-ms-win-crt-runtime-l1-1-0.dll
 0003:00000020       _win_strerror.buf          10007020     win_btooth.obj
 0003:00000238       ___local_stdio_printf_options._OptionsStorage 10007238     win_btooth.obj
 0003:00000240       _stdout_hnd                10007240     pcap-trace.obj
 0003:00000244       _console_info              10007244     pcap-trace.obj
 0003:0000025c       ?__proc_attached@@3HA      1000725c     msvcrt:dll_dllmain.obj
 0003:00000280       ?module_local_atexit_table@@3U_onexit_table_t@@A 10007280     msvcrt:utility.obj
 0003:0000028c       ?module_local_at_quick_exit_table@@3U_onexit_table_t@@A 1000728c     msvcrt:utility.obj
 0003:00000298       ?module_local_atexit_table_initialized@@3_NA 10007298     msvcrt:utility.obj
 0003:00000299       ?is_initialized_as_dll@@3_NA 10007299     msvcrt:utility.obj
 0003:000002a8       _GS_ExceptionRecord        100072a8     msvcrt:gs_report.obj
 0003:000002f8       _GS_ContextRecord          100072f8     msvcrt:gs_report.obj
 0004:00000060       $R000000                   10008060     win_btooth.res

Starting pass 1
Processed /DEFAULTLIB:msvcrt.lib
Processed /DEFAULTLIB:oldnames.lib

Searching libraries
    Searching f:\ProgramFiler-x86\WindowsKits\Lib\10.0.16299.0\um\x86\bthprops.lib:
      Found _BluetoothFindFirstRadio@8
        Referenced in win_btooth.obj
        Loaded bthprops.lib(bthprops.cpl)
      Found _BluetoothFindRadioClose@4
        Referenced in win_btooth.obj
        Loaded bthprops.lib(bthprops.cpl)
      Found __IMPORT_DESCRIPTOR_bthprops
        Referenced in bthprops.lib(bthprops.cpl)
        Referenced in bthprops.lib(bthprops.cpl)
        Loaded bthprops.lib(bthprops.cpl)
      Found __NULL_IMPORT_DESCRIPTOR
        Referenced in bthprops.lib(bthprops.cpl)
        Loaded bthprops.lib(bthprops.cpl)
      Found bthprops_NULL_THUNK_DATA
        Referenced in bthprops.lib(bthprops.cpl)
        Loaded bthprops.lib(bthprops.cpl)
    Searching f:\ProgramFiler-x86\WindowsKits\Lib\10.0.16299.0\um\x86\setupapi.lib:
      Found __imp__SetupDiGetClassDevsA@16
        Referenced in win_btooth.obj
        Loaded setupapi.lib(SETUPAPI.dll)
      Found __imp__SetupDiEnumDeviceInfo@12
        Referenced in win_btooth.obj
        Loaded setupapi.lib(SETUPAPI.dll)
      Found __imp__SetupDiGetDevicePropertyW@32
        Referenced in win_btooth.obj
        Loaded setupapi.lib(SETUPAPI.dll)
      Found __imp__SetupDiDestroyDeviceInfoList@4
        Referenced in win_btooth.obj
        Loaded setupapi.lib(SETUPAPI.dll)
      Found __IMPORT_DESCRIPTOR_SETUPAPI
        Referenced in setupapi.lib(SETUPAPI.dll)
        Referenced in setupapi.lib(SETUPAPI.dll)
        Referenced in setupapi.lib(SETUPAPI.dll)
        Referenced in setupapi.lib(SETUPAPI.dll)
        Loaded setupapi.lib(SETUPAPI.dll)
      Found SETUPAPI_NULL_THUNK_DATA
        Referenced in setupapi.lib(SETUPAPI.dll)
        Loaded setupapi.lib(SETUPAPI.dll)
    Searching f:\gv\VC_2017\VC\Tools\MSVC\14.12.25827\lib\x86\msvcrt.lib:
      Found __aulldiv
        Referenced in win_btooth.obj
        Loaded msvcrt.lib(ulldiv.obj)
      Found __DllMainCRTStartup@12
        Loaded msvcrt.lib(dll_dllmain.obj)
      Found ___security_init_cookie
        Referenced in msvcrt.lib(dll_dllmain.obj)
        Loaded msvcrt.lib(gs_support.obj)
      Found "void __cdecl __scrt_initialize_type_info(void)" (?__scrt_initialize_type_info@@YAXXZ)
        Referenced in msvcrt.lib(dll_dllmain.obj)
        Loaded msvcrt.lib(tncleanup.obj)
      Found ___scrt_initialize_default_local_stdio_options
        Referenced in msvcrt.lib(dll_dllmain.obj)
        Loaded msvcrt.lib(default_local_stdio_options.obj)
      Found ___scrt_is_nonwritable_in_current_image
        Referenced in msvcrt.lib(dll_dllmain.obj)
        Loaded msvcrt.lib(utility.obj)
      Found ___scrt_get_dyn_tls_init_callback
        Referenced in msvcrt.lib(dll_dllmain.obj)
        Loaded msvcrt.lib(dyn_tls_init.obj)
      Found ___scrt_fastfail
        Referenced in msvcrt.lib(dll_dllmain.obj)
        Referenced in msvcrt.lib(utility.obj)
        Loaded msvcrt.lib(utility_desktop.obj)
      Found __RTC_Initialize
        Referenced in msvcrt.lib(dll_dllmain.obj)
        Loaded msvcrt.lib(_initsect_.obj)
      Found @_guard_check_icall@4
        Referenced in msvcrt.lib(dll_dllmain.obj)
        Referenced in msvcrt.lib(utility.obj)
        Referenced in msvcrt.lib(_initsect_.obj)
        Loaded msvcrt.lib(checkcfg.obj)
      Found __SEH_epilog4
        Referenced in msvcrt.lib(dll_dllmain.obj)
        Referenced in msvcrt.lib(utility.obj)
        Loaded msvcrt.lib(_sehprolg4_.obj)
      Found __except_handler4
        Referenced in msvcrt.lib(dll_dllmain.obj)
        Referenced in msvcrt.lib(utility.obj)
        Referenced in msvcrt.lib(_sehprolg4_.obj)
        Loaded msvcrt.lib(_chandler4gs_.obj)
      Found ___xi_a
        Referenced in msvcrt.lib(dll_dllmain.obj)
        Loaded msvcrt.lib(initializers.obj)
Processed /DEFAULTLIB:kernel32.lib
 Processed /DISALLOWLIB:msvcrtd.lib
 Processed /DISALLOWLIB:libcmt.lib
 Processed /DISALLOWLIB:libcmtd.lib
Processed /DEFAULTLIB:vcruntime.lib
 Processed /DISALLOWLIB:vcruntimed.lib
 Processed /DISALLOWLIB:libvcruntime.lib
 Processed /DISALLOWLIB:libvcruntimed.lib
Processed /DEFAULTLIB:ucrt.lib
 Processed /DISALLOWLIB:ucrtd.lib
 Processed /DISALLOWLIB:libucrt.lib
 Processed /DISALLOWLIB:libucrtd.lib
      Found ___security_cookie
        Referenced in msvcrt.lib(gs_support.obj)
        Referenced in msvcrt.lib(utility.obj)
        Referenced in msvcrt.lib(_sehprolg4_.obj)
        Referenced in msvcrt.lib(_chandler4gs_.obj)
        Loaded msvcrt.lib(gs_cookie.obj)
      Found ___isa_available_init
        Referenced in msvcrt.lib(utility.obj)
        Loaded msvcrt.lib(_cpu_disp_.obj)
      Found __get_startup_argv_mode
        Referenced in msvcrt.lib(utility.obj)
        Loaded msvcrt.lib(argv_mode.obj)
      Found ___scrt_is_ucrt_dll_in_use
        Referenced in msvcrt.lib(utility.obj)
        Loaded msvcrt.lib(ucrt_detection.obj)
      Found ___guard_check_icall_fptr
        Referenced in msvcrt.lib(checkcfg.obj)
        Loaded msvcrt.lib(guard_support.obj)
      Found @__security_check_cookie@4
        Referenced in msvcrt.lib(_sehprolg4_.obj)
        Referenced in msvcrt.lib(_chandler4gs_.obj)
        Loaded msvcrt.lib(_secchk_.obj)
      Found ___report_gsfailure
        Referenced in msvcrt.lib(_secchk_.obj)
        Loaded msvcrt.lib(gs_report.obj)
    Searching f:\gv\VC_2017\VC\Tools\MSVC\14.12.25827\lib\x86\oldnames.lib:
    Searching f:\ProgramFiler-x86\WindowsKits\Lib\10.0.16299.0\um\x86\kernel32.lib:
      Found __imp__EnterCriticalSection@4
        Referenced in win_btooth.obj
        Loaded kernel32.lib(KERNEL32.dll)
      Found __imp__LeaveCriticalSection@4
        Referenced in win_btooth.obj
        Loaded kernel32.lib(KERNEL32.dll)
      Found __imp__GetLastError@0
        Referenced in win_btooth.obj
        Loaded kernel32.lib(KERNEL32.dll)
      Found __imp__GetSystemTimeAsFileTime@4
        Referenced in win_btooth.obj
        Referenced in msvcrt.lib(gs_support.obj)
        Loaded kernel32.lib(KERNEL32.dll)
      Found __imp__Sleep@4
        Referenced in win_btooth.obj
        Loaded kernel32.lib(KERNEL32.dll)
      Found __imp__FormatMessageA@28
        Referenced in win_btooth.obj
        Loaded kernel32.lib(KERNEL32.dll)
      Found __imp__GetStdHandle@4
        Referenced in pcap-trace.obj
        Loaded kernel32.lib(KERNEL32.dll)
      Found __imp__GetConsoleScreenBufferInfo@8
        Referenced in pcap-trace.obj
        Loaded kernel32.lib(KERNEL32.dll)
      Found __imp__InitializeCriticalSection@4
        Referenced in pcap-trace.obj
        Loaded kernel32.lib(KERNEL32.dll)
      Found __imp__SetConsoleTextAttribute@8
        Referenced in pcap-trace.obj
        Loaded kernel32.lib(KERNEL32.dll)
      Found __imp__QueryPerformanceCounter@4
        Referenced in msvcrt.lib(gs_support.obj)
        Loaded kernel32.lib(KERNEL32.dll)
      Found __imp__GetCurrentProcessId@0
        Referenced in msvcrt.lib(gs_support.obj)
        Loaded kernel32.lib(KERNEL32.dll)
      Found __imp__GetCurrentThreadId@0
        Referenced in msvcrt.lib(gs_support.obj)
        Loaded kernel32.lib(KERNEL32.dll)
      Found __imp__InitializeSListHead@4
        Referenced in msvcrt.lib(tncleanup.obj)
        Loaded kernel32.lib(KERNEL32.dll)
      Found __imp__IsDebuggerPresent@0
        Referenced in msvcrt.lib(utility_desktop.obj)
        Loaded kernel32.lib(KERNEL32.dll)
      Found __imp__UnhandledExceptionFilter@4
        Referenced in msvcrt.lib(utility_desktop.obj)
        Referenced in msvcrt.lib(gs_report.obj)
        Loaded kernel32.lib(KERNEL32.dll)
      Found __imp__SetUnhandledExceptionFilter@4
        Referenced in msvcrt.lib(utility_desktop.obj)
        Referenced in msvcrt.lib(gs_report.obj)
        Loaded kernel32.lib(KERNEL32.dll)
      Found __imp__GetStartupInfoW@4
        Referenced in msvcrt.lib(utility_desktop.obj)
        Loaded kernel32.lib(KERNEL32.dll)
      Found _IsProcessorFeaturePresent@4
        Referenced in msvcrt.lib(utility_desktop.obj)
        Referenced in msvcrt.lib(_cpu_disp_.obj)
        Referenced in msvcrt.lib(gs_report.obj)
        Loaded kernel32.lib(KERNEL32.dll)
      Found __imp__GetModuleHandleW@4
        Referenced in msvcrt.lib(utility_desktop.obj)
        Loaded kernel32.lib(KERNEL32.dll)
      Found __imp__GetCurrentProcess@0
        Referenced in msvcrt.lib(gs_report.obj)
        Loaded kernel32.lib(KERNEL32.dll)
      Found __imp__TerminateProcess@8
        Referenced in msvcrt.lib(gs_report.obj)
        Loaded kernel32.lib(KERNEL32.dll)
      Found __IMPORT_DESCRIPTOR_KERNEL32
        Referenced in kernel32.lib(KERNEL32.dll)
        Referenced in kernel32.lib(KERNEL32.dll)
        Referenced in kernel32.lib(KERNEL32.dll)
        Referenced in kernel32.lib(KERNEL32.dll)
        Referenced in kernel32.lib(KERNEL32.dll)
        Referenced in kernel32.lib(KERNEL32.dll)
        Referenced in kernel32.lib(KERNEL32.dll)
        Referenced in kernel32.lib(KERNEL32.dll)
        Referenced in kernel32.lib(KERNEL32.dll)
        Referenced in kernel32.lib(KERNEL32.dll)
        Referenced in kernel32.lib(KERNEL32.dll)
        Referenced in kernel32.lib(KERNEL32.dll)
        Referenced in kernel32.lib(KERNEL32.dll)
        Referenced in kernel32.lib(KERNEL32.dll)
        Referenced in kernel32.lib(KERNEL32.dll)
        Referenced in kernel32.lib(KERNEL32.dll)
        Referenced in kernel32.lib(KERNEL32.dll)
        Referenced in kernel32.lib(KERNEL32.dll)
        Referenced in kernel32.lib(KERNEL32.dll)
        Referenced in kernel32.lib(KERNEL32.dll)
        Referenced in kernel32.lib(KERNEL32.dll)
        Referenced in kernel32.lib(KERNEL32.dll)
        Loaded kernel32.lib(KERNEL32.dll)
      Found KERNEL32_NULL_THUNK_DATA
        Referenced in kernel32.lib(KERNEL32.dll)
        Loaded kernel32.lib(KERNEL32.dll)
    Searching f:\gv\VC_2017\VC\Tools\MSVC\14.12.25827\lib\x86\vcruntime.lib:
      Found _strrchr
        Referenced in win_btooth.obj
        Loaded vcruntime.lib(VCRUNTIME140.dll)
      Found ___std_type_info_destroy_list
        Referenced in msvcrt.lib(tncleanup.obj)
        Loaded vcruntime.lib(VCRUNTIME140.dll)
      Found _memset
        Referenced in msvcrt.lib(utility_desktop.obj)
        Loaded vcruntime.lib(VCRUNTIME140.dll)
      Found __except_handler4_common
        Referenced in msvcrt.lib(_chandler4gs_.obj)
        Loaded vcruntime.lib(VCRUNTIME140.dll)
      Found __IMPORT_DESCRIPTOR_VCRUNTIME140
        Referenced in vcruntime.lib(VCRUNTIME140.dll)
        Referenced in vcruntime.lib(VCRUNTIME140.dll)
        Referenced in vcruntime.lib(VCRUNTIME140.dll)
        Referenced in vcruntime.lib(VCRUNTIME140.dll)
        Loaded vcruntime.lib(VCRUNTIME140.dll)
      Found VCRUNTIME140_NULL_THUNK_DATA
        Referenced in vcruntime.lib(VCRUNTIME140.dll)
        Loaded vcruntime.lib(VCRUNTIME140.dll)
    Searching f:\ProgramFiler-x86\WindowsKits\Lib\10.0.16299.0\ucrt\x86\ucrt.lib:
      Found __imp____acrt_iob_func
        Referenced in win_btooth.obj
        Referenced in pcap-trace.obj
        Loaded ucrt.lib(api-ms-win-crt-stdio-l1-1-0.dll)
      Found __imp____stdio_common_vfprintf
        Referenced in win_btooth.obj
        Loaded ucrt.lib(api-ms-win-crt-stdio-l1-1-0.dll)
      Found __imp__strncpy_s
        Referenced in win_btooth.obj
        Loaded ucrt.lib(api-ms-win-crt-string-l1-1-0.dll)
      Found __imp__free
        Referenced in win_btooth.obj
        Loaded ucrt.lib(api-ms-win-crt-heap-l1-1-0.dll)
      Found __imp__calloc
        Referenced in win_btooth.obj
        Loaded ucrt.lib(api-ms-win-crt-heap-l1-1-0.dll)
      Found __imp__strncpy
        Referenced in win_btooth.obj
        Loaded ucrt.lib(api-ms-win-crt-string-l1-1-0.dll)
      Found __imp____stdio_common_vsprintf
        Referenced in win_btooth.obj
        Loaded ucrt.lib(api-ms-win-crt-stdio-l1-1-0.dll)
      Found _strlen
        Referenced in win_btooth.obj
        Loaded ucrt.lib(api-ms-win-crt-string-l1-1-0.dll)
      Found _strcpy
        Referenced in win_btooth.obj
        Loaded ucrt.lib(api-ms-win-crt-string-l1-1-0.dll)
      Found __imp__getenv
        Referenced in pcap-trace.obj
        Loaded ucrt.lib(api-ms-win-crt-environment-l1-1-0.dll)
      Found __imp__fflush
        Referenced in pcap-trace.obj
        Loaded ucrt.lib(api-ms-win-crt-stdio-l1-1-0.dll)
      Found __initterm
        Referenced in msvcrt.lib(dll_dllmain.obj)
        Loaded ucrt.lib(api-ms-win-crt-runtime-l1-1-0.dll)
      Found __initterm_e
        Referenced in msvcrt.lib(dll_dllmain.obj)
        Loaded ucrt.lib(api-ms-win-crt-runtime-l1-1-0.dll)
      Found __seh_filter_dll
        Referenced in msvcrt.lib(utility.obj)
        Loaded ucrt.lib(api-ms-win-crt-runtime-l1-1-0.dll)
      Found __configure_narrow_argv
        Referenced in msvcrt.lib(utility.obj)
        Loaded ucrt.lib(api-ms-win-crt-runtime-l1-1-0.dll)
      Found __initialize_narrow_environment
        Referenced in msvcrt.lib(utility.obj)
        Loaded ucrt.lib(api-ms-win-crt-runtime-l1-1-0.dll)
      Found __initialize_onexit_table
        Referenced in msvcrt.lib(utility.obj)
        Loaded ucrt.lib(api-ms-win-crt-runtime-l1-1-0.dll)
      Found __register_onexit_function
        Referenced in msvcrt.lib(utility.obj)
        Loaded ucrt.lib(api-ms-win-crt-runtime-l1-1-0.dll)
      Found __execute_onexit_table
        Referenced in msvcrt.lib(utility.obj)
        Loaded ucrt.lib(api-ms-win-crt-runtime-l1-1-0.dll)
      Found __crt_atexit
        Referenced in msvcrt.lib(utility.obj)
        Loaded ucrt.lib(api-ms-win-crt-runtime-l1-1-0.dll)
      Found __crt_at_quick_exit
        Referenced in msvcrt.lib(utility.obj)
        Loaded ucrt.lib(api-ms-win-crt-runtime-l1-1-0.dll)
      Found __cexit
        Referenced in msvcrt.lib(utility.obj)
        Loaded ucrt.lib(api-ms-win-crt-runtime-l1-1-0.dll)
      Found _terminate
        Referenced in msvcrt.lib(utility_desktop.obj)
        Loaded ucrt.lib(api-ms-win-crt-runtime-l1-1-0.dll)
      Found __IMPORT_DESCRIPTOR_api-ms-win-crt-stdio-l1-1-0
        Referenced in ucrt.lib(api-ms-win-crt-stdio-l1-1-0.dll)
        Referenced in ucrt.lib(api-ms-win-crt-stdio-l1-1-0.dll)
        Referenced in ucrt.lib(api-ms-win-crt-stdio-l1-1-0.dll)
        Referenced in ucrt.lib(api-ms-win-crt-stdio-l1-1-0.dll)
        Loaded ucrt.lib(api-ms-win-crt-stdio-l1-1-0.dll)
      Found __IMPORT_DESCRIPTOR_api-ms-win-crt-string-l1-1-0
        Referenced in ucrt.lib(api-ms-win-crt-string-l1-1-0.dll)
        Referenced in ucrt.lib(api-ms-win-crt-string-l1-1-0.dll)
        Referenced in ucrt.lib(api-ms-win-crt-string-l1-1-0.dll)
        Referenced in ucrt.lib(api-ms-win-crt-string-l1-1-0.dll)
        Loaded ucrt.lib(api-ms-win-crt-string-l1-1-0.dll)
      Found __IMPORT_DESCRIPTOR_api-ms-win-crt-heap-l1-1-0
        Referenced in ucrt.lib(api-ms-win-crt-heap-l1-1-0.dll)
        Referenced in ucrt.lib(api-ms-win-crt-heap-l1-1-0.dll)
        Loaded ucrt.lib(api-ms-win-crt-heap-l1-1-0.dll)
      Found __IMPORT_DESCRIPTOR_api-ms-win-crt-environment-l1-1-0
        Referenced in ucrt.lib(api-ms-win-crt-environment-l1-1-0.dll)
        Loaded ucrt.lib(api-ms-win-crt-environment-l1-1-0.dll)
      Found __IMPORT_DESCRIPTOR_api-ms-win-crt-runtime-l1-1-0
        Referenced in ucrt.lib(api-ms-win-crt-runtime-l1-1-0.dll)
        Referenced in ucrt.lib(api-ms-win-crt-runtime-l1-1-0.dll)
        Referenced in ucrt.lib(api-ms-win-crt-runtime-l1-1-0.dll)
        Referenced in ucrt.lib(api-ms-win-crt-runtime-l1-1-0.dll)
        Referenced in ucrt.lib(api-ms-win-crt-runtime-l1-1-0.dll)
        Referenced in ucrt.lib(api-ms-win-crt-runtime-l1-1-0.dll)
        Referenced in ucrt.lib(api-ms-win-crt-runtime-l1-1-0.dll)
        Referenced in ucrt.lib(api-ms-win-crt-runtime-l1-1-0.dll)
        Referenced in ucrt.lib(api-ms-win-crt-runtime-l1-1-0.dll)
        Referenced in ucrt.lib(api-ms-win-crt-runtime-l1-1-0.dll)
        Referenced in ucrt.lib(api-ms-win-crt-runtime-l1-1-0.dll)
        Referenced in ucrt.lib(api-ms-win-crt-runtime-l1-1-0.dll)
        Loaded ucrt.lib(api-ms-win-crt-runtime-l1-1-0.dll)
      Found api-ms-win-crt-stdio-l1-1-0_NULL_THUNK_DATA
        Referenced in ucrt.lib(api-ms-win-crt-stdio-l1-1-0.dll)
        Loaded ucrt.lib(api-ms-win-crt-stdio-l1-1-0.dll)
      Found api-ms-win-crt-string-l1-1-0_NULL_THUNK_DATA
        Referenced in ucrt.lib(api-ms-win-crt-string-l1-1-0.dll)
        Loaded ucrt.lib(api-ms-win-crt-string-l1-1-0.dll)
      Found api-ms-win-crt-heap-l1-1-0_NULL_THUNK_DATA
        Referenced in ucrt.lib(api-ms-win-crt-heap-l1-1-0.dll)
        Loaded ucrt.lib(api-ms-win-crt-heap-l1-1-0.dll)
      Found api-ms-win-crt-environment-l1-1-0_NULL_THUNK_DATA
        Referenced in ucrt.lib(api-ms-win-crt-environment-l1-1-0.dll)
        Loaded ucrt.lib(api-ms-win-crt-environment-l1-1-0.dll)
      Found api-ms-win-crt-runtime-l1-1-0_NULL_THUNK_DATA
        Referenced in ucrt.lib(api-ms-win-crt-runtime-l1-1-0.dll)
        Loaded ucrt.lib(api-ms-win-crt-runtime-l1-1-0.dll)
    Searching f:\ProgramFiler-x86\WindowsKits\Lib\10.0.16299.0\um\x86\bthprops.lib:
    Searching f:\ProgramFiler-x86\WindowsKits\Lib\10.0.16299.0\um\x86\setupapi.lib:
    Searching f:\gv\VC_2017\VC\Tools\MSVC\14.12.25827\lib\x86\msvcrt.lib:
    Searching f:\gv\VC_2017\VC\Tools\MSVC\14.12.25827\lib\x86\oldnames.lib:
    Searching f:\ProgramFiler-x86\WindowsKits\Lib\10.0.16299.0\um\x86\kernel32.lib:
    Searching f:\gv\VC_2017\VC\Tools\MSVC\14.12.25827\lib\x86\vcruntime.lib:

Finished searching libraries

Generating .exp file
   Creating library WinPcap-Plugins/winpcap_btooth_plugin.lib and object WinPcap-Plugins/winpcap_btooth_plugin.exp

Finished generating .exp file

Searching libraries
    Searching f:\ProgramFiler-x86\WindowsKits\Lib\10.0.16299.0\um\x86\bthprops.lib:
    Searching f:\ProgramFiler-x86\WindowsKits\Lib\10.0.16299.0\um\x86\setupapi.lib:
    Searching f:\gv\VC_2017\VC\Tools\MSVC\14.12.25827\lib\x86\msvcrt.lib:
    Searching f:\gv\VC_2017\VC\Tools\MSVC\14.12.25827\lib\x86\oldnames.lib:
    Searching f:\ProgramFiler-x86\WindowsKits\Lib\10.0.16299.0\um\x86\kernel32.lib:
    Searching f:\gv\VC_2017\VC\Tools\MSVC\14.12.25827\lib\x86\vcruntime.lib:
    Searching f:\ProgramFiler-x86\WindowsKits\Lib\10.0.16299.0\ucrt\x86\ucrt.lib:

Finished searching libraries

Searching libraries
    Searching f:\ProgramFiler-x86\WindowsKits\Lib\10.0.16299.0\um\x86\bthprops.lib:
    Searching f:\ProgramFiler-x86\WindowsKits\Lib\10.0.16299.0\um\x86\setupapi.lib:
    Searching f:\gv\VC_2017\VC\Tools\MSVC\14.12.25827\lib\x86\msvcrt.lib:
      Found ___scrt_stub_for_acrt_initialize
        Loaded msvcrt.lib(ucrt_stubs.obj)
    Searching f:\gv\VC_2017\VC\Tools\MSVC\14.12.25827\lib\x86\oldnames.lib:
    Searching f:\ProgramFiler-x86\WindowsKits\Lib\10.0.16299.0\um\x86\kernel32.lib:
    Searching f:\gv\VC_2017\VC\Tools\MSVC\14.12.25827\lib\x86\vcruntime.lib:
    Searching f:\ProgramFiler-x86\WindowsKits\Lib\10.0.16299.0\ucrt\x86\ucrt.lib:

Finished searching libraries

Finished pass 1


Searching libraries
    Searching f:\ProgramFiler-x86\WindowsKits\Lib\10.0.16299.0\um\x86\bthprops.lib:
    Searching f:\ProgramFiler-x86\WindowsKits\Lib\10.0.16299.0\um\x86\setupapi.lib:
    Searching f:\gv\VC_2017\VC\Tools\MSVC\14.12.25827\lib\x86\msvcrt.lib:
      Found __load_config_used
        Loaded msvcrt.lib(loadcfg.obj)
    Searching f:\gv\VC_2017\VC\Tools\MSVC\14.12.25827\lib\x86\oldnames.lib:
    Searching f:\ProgramFiler-x86\WindowsKits\Lib\10.0.16299.0\um\x86\kernel32.lib:
    Searching f:\gv\VC_2017\VC\Tools\MSVC\14.12.25827\lib\x86\vcruntime.lib:
    Searching f:\ProgramFiler-x86\WindowsKits\Lib\10.0.16299.0\ucrt\x86\ucrt.lib:
    Searching f:\ProgramFiler-x86\WindowsKits\Lib\10.0.16299.0\um\x86\bthprops.lib:
    Searching f:\ProgramFiler-x86\WindowsKits\Lib\10.0.16299.0\um\x86\setupapi.lib:

Finished searching libraries

Invoking cvtres.exe:
 /machine:x86
 /verbose
 /out:"c:\TEMP\lnk{D560472E-C431-4381-87BE-47A8ED99D763}.tmp"
 /readonly
 "clang_obj/win_btooth.res"
Microsoft (R) Windows Resource To Object Converter Version 14.12.25833.4
Copyright (C) Microsoft Corporation.  All rights reserved.

adding resource. type:VERSION, name:1, language:0x0409, flags:0x30, size:944

Unused libraries:
  f:\gv\VC_2017\VC\Tools\MSVC\14.12.25827\lib\x86\oldnames.lib

Starting pass 2
     win_btooth.res
     winpcap_btooth_plugin.exp
     pcap-trace.obj
     win_btooth.obj
     bthprops.lib(bthprops.cpl)
     bthprops.lib(bthprops.cpl)
     bthprops.lib(bthprops.cpl)
     bthprops.lib(bthprops.cpl)
     bthprops.lib(bthprops.cpl)
     setupapi.lib(SETUPAPI.dll)
     setupapi.lib(SETUPAPI.dll)
     setupapi.lib(SETUPAPI.dll)
     setupapi.lib(SETUPAPI.dll)
     setupapi.lib(SETUPAPI.dll)
     setupapi.lib(SETUPAPI.dll)
     msvcrt.lib(_cpu_disp_.obj)
     msvcrt.lib(_initsect_.obj)
     msvcrt.lib(_sehprolg4_.obj)
     msvcrt.lib(_chandler4gs_.obj)
     msvcrt.lib(_secchk_.obj)
     msvcrt.lib(ulldiv.obj)
     msvcrt.lib(gs_cookie.obj)
     msvcrt.lib(gs_report.obj)
     msvcrt.lib(gs_support.obj)
     msvcrt.lib(checkcfg.obj)
     msvcrt.lib(guard_support.obj)
     msvcrt.lib(loadcfg.obj)
     msvcrt.lib(dyn_tls_init.obj)
     msvcrt.lib(ucrt_detection.obj)
     msvcrt.lib(argv_mode.obj)
     msvcrt.lib(default_local_stdio_options.obj)
     msvcrt.lib(tncleanup.obj)
     msvcrt.lib(dll_dllmain.obj)
     msvcrt.lib(initializers.obj)
     msvcrt.lib(utility.obj)
     msvcrt.lib(ucrt_stubs.obj)
     msvcrt.lib(utility_desktop.obj)
     kernel32.lib(KERNEL32.dll)
     kernel32.lib(KERNEL32.dll)
     kernel32.lib(KERNEL32.dll)
     kernel32.lib(KERNEL32.dll)
     kernel32.lib(KERNEL32.dll)
     kernel32.lib(KERNEL32.dll)
     kernel32.lib(KERNEL32.dll)
     kernel32.lib(KERNEL32.dll)
     kernel32.lib(KERNEL32.dll)
     kernel32.lib(KERNEL32.dll)
     kernel32.lib(KERNEL32.dll)
     kernel32.lib(KERNEL32.dll)
     kernel32.lib(KERNEL32.dll)
     kernel32.lib(KERNEL32.dll)
     kernel32.lib(KERNEL32.dll)
     kernel32.lib(KERNEL32.dll)
     kernel32.lib(KERNEL32.dll)
     kernel32.lib(KERNEL32.dll)
     kernel32.lib(KERNEL32.dll)
     kernel32.lib(KERNEL32.dll)
     kernel32.lib(KERNEL32.dll)
     kernel32.lib(KERNEL32.dll)
     kernel32.lib(KERNEL32.dll)
     kernel32.lib(KERNEL32.dll)
     vcruntime.lib(VCRUNTIME140.dll)
     vcruntime.lib(VCRUNTIME140.dll)
     vcruntime.lib(VCRUNTIME140.dll)
     vcruntime.lib(VCRUNTIME140.dll)
     vcruntime.lib(VCRUNTIME140.dll)
     vcruntime.lib(VCRUNTIME140.dll)
     ucrt.lib(api-ms-win-crt-string-l1-1-0.dll)
     ucrt.lib(api-ms-win-crt-string-l1-1-0.dll)
     ucrt.lib(api-ms-win-crt-string-l1-1-0.dll)
     ucrt.lib(api-ms-win-crt-string-l1-1-0.dll)
     ucrt.lib(api-ms-win-crt-string-l1-1-0.dll)
     ucrt.lib(api-ms-win-crt-string-l1-1-0.dll)
     ucrt.lib(api-ms-win-crt-stdio-l1-1-0.dll)
     ucrt.lib(api-ms-win-crt-stdio-l1-1-0.dll)
     ucrt.lib(api-ms-win-crt-stdio-l1-1-0.dll)
     ucrt.lib(api-ms-win-crt-stdio-l1-1-0.dll)
     ucrt.lib(api-ms-win-crt-stdio-l1-1-0.dll)
     ucrt.lib(api-ms-win-crt-stdio-l1-1-0.dll)
     ucrt.lib(api-ms-win-crt-runtime-l1-1-0.dll)
     ucrt.lib(api-ms-win-crt-runtime-l1-1-0.dll)
     ucrt.lib(api-ms-win-crt-runtime-l1-1-0.dll)
     ucrt.lib(api-ms-win-crt-runtime-l1-1-0.dll)
     ucrt.lib(api-ms-win-crt-runtime-l1-1-0.dll)
     ucrt.lib(api-ms-win-crt-runtime-l1-1-0.dll)
     ucrt.lib(api-ms-win-crt-runtime-l1-1-0.dll)
     ucrt.lib(api-ms-win-crt-runtime-l1-1-0.dll)
     ucrt.lib(api-ms-win-crt-runtime-l1-1-0.dll)
     ucrt.lib(api-ms-win-crt-runtime-l1-1-0.dll)
     ucrt.lib(api-ms-win-crt-runtime-l1-1-0.dll)
     ucrt.lib(api-ms-win-crt-runtime-l1-1-0.dll)
     ucrt.lib(api-ms-win-crt-runtime-l1-1-0.dll)
     ucrt.lib(api-ms-win-crt-runtime-l1-1-0.dll)
     ucrt.lib(api-ms-win-crt-heap-l1-1-0.dll)
     ucrt.lib(api-ms-win-crt-heap-l1-1-0.dll)
     ucrt.lib(api-ms-win-crt-heap-l1-1-0.dll)
     ucrt.lib(api-ms-win-crt-heap-l1-1-0.dll)
     ucrt.lib(api-ms-win-crt-environment-l1-1-0.dll)
     ucrt.lib(api-ms-win-crt-environment-l1-1-0.dll)
     ucrt.lib(api-ms-win-crt-environment-l1-1-0.dll)
Finished pass 2
