 winpcap_example_plugin

 Timestamp is 5ae8943f (Tue May  1 16:22:23 2018)

 Preferred load address is 10000000

 Start         Length     Name                   Class
 0001:00000000 00000be0H .text                   CODE
 0001:00000be0 0000117eH .text$mn                CODE
 0002:00000000 000000ccH .idata$5                DATA
 0002:000000cc 00000004H .00cfg                  DATA
 0002:000000d0 00000004H .CRT$XCA                DATA
 0002:000000d4 00000004H .CRT$XCZ                DATA
 0002:000000d8 00000004H .CRT$XIA                DATA
 0002:000000dc 00000004H .CRT$XIZ                DATA
 0002:000000e0 00000004H .CRT$XPA                DATA
 0002:000000e4 00000004H .CRT$XPZ                DATA
 0002:000000e8 00000004H .CRT$XTA                DATA
 0002:000000ec 00000004H .CRT$XTZ                DATA
 0002:000000f0 00000000H .gfids$y                DATA
 0002:000000f0 000003a0H .rdata                  DATA
 0002:00000490 00000004H .rdata$sxdata           DATA
 0002:00000494 000002acH .rdata$zzzdbg           DATA
 0002:00000740 00000004H .rtc$IAA                DATA
 0002:00000744 00000004H .rtc$IZZ                DATA
 0002:00000748 00000004H .rtc$TAA                DATA
 0002:0000074c 00000004H .rtc$TZZ                DATA
 0002:00000750 00000080H .xdata$x                DATA
 0002:000007d0 00000194H .edata                  DATA
 0002:00000964 0000008cH .idata$2                DATA
 0002:000009f0 00000014H .idata$3                DATA
 0002:00000a04 000000ccH .idata$4                DATA
 0002:00000ad0 0000044cH .idata$6                DATA
 0003:00000000 00000020H .data                   DATA
 0003:00000020 000003bcH .bss                    DATA
 0004:00000000 00000060H .rsrc$01                DATA
 0004:00000060 000003a8H .rsrc$02                DATA

  Address         Publics by Value              Rva+Base       Lib:Object

 0000:00000000       ___hybrid_auxiliary_iat    00000000     <absolute>
 0000:00000000       ___guard_fids_count        00000000     <absolute>
 0000:00000000       ___guard_iat_count         00000000     <absolute>
 0000:00000000       ___hybrid_code_map_count   00000000     <absolute>
 0000:00000000       ___guard_fids_table        00000000     <absolute>
 0000:00000000       ___guard_iat_table         00000000     <absolute>
 0000:00000000       ___guard_longjmp_count     00000000     <absolute>
 0000:00000000       ___enclave_config          00000000     <absolute>
 0000:00000000       ___hybrid_code_map         00000000     <absolute>
 0000:00000000       ___dynamic_value_reloc_table 00000000     <absolute>
 0000:00000000       ___guard_longjmp_table     00000000     <absolute>
 0000:00000001       ___safe_se_handler_count   00000001     <absolute>
 0000:00000100       ___guard_flags             00000100     <absolute>
 0000:00000000       ___ImageBase               10000000     <linker-defined>
 0001:00000000       _GetPluginApiVersion       10001000 f   example_plugin.obj
 0001:00000080       _GetPluginName             10001080 f   example_plugin.obj
 0001:00000120       _FreeDeviceList            10001120 f   example_plugin.obj
 0001:000001c0       _GetDeviceList             100011c0 f   example_plugin.obj
 0001:00000310       _OpenInstance              10001310 f   example_plugin.obj
 0001:000003d0       _CloseInstance             100013d0 f   example_plugin.obj
 0001:00000460       _GetLinkType               10001460 f   example_plugin.obj
 0001:000004d0       _GetSupportedDlts          100014d0 f   example_plugin.obj
 0001:00000580       _SetDatalink               10001580 f   example_plugin.obj
 0001:000005c0       _GetStats                  100015c0 f   example_plugin.obj
 0001:00000650       _SetReadTimeout            10001650 f   example_plugin.obj
 0001:000006e0       _GetNextPacket             100016e0 f   example_plugin.obj
 0001:00000840       _SetBufferSize             10001840 f   example_plugin.obj
 0001:000008c0       _SetMinToCopy              100018c0 f   example_plugin.obj
 0001:00000940       _DllMain@12                10001940 f   example_plugin.obj
 0001:00000a40       _printf                    10001a40 f i example_plugin.obj
 0001:00000a80       _snprintf                  10001a80 f i example_plugin.obj
 0001:00000ad0       ___local_stdio_printf_options 10001ad0 f i example_plugin.obj
 0001:00000ae0       __pcap_trace_level         10001ae0 f   pcap-trace.obj
 0001:00000b40       __pcap_trace_color         10001b40 f   pcap-trace.obj
 0001:00000b90       __pcap_trace_basename      10001b90 f   pcap-trace.obj
 0001:00000be0       __aulldiv                  10001be0 f   msvcrt:ulldiv.obj
 0001:00000f7f       __CRT_INIT@12              10001f7f f   msvcrt:dll_dllmain.obj
 0001:00000f88       __DllMainCRTStartup@12     10001f88 f   msvcrt:dll_dllmain.obj
 0001:00000ffa       ___security_init_cookie    10001ffa f   msvcrt:gs_support.obj
 0001:00001045       ?__scrt_initialize_type_info@@YAXXZ 10002045 f   msvcrt:tncleanup.obj
 0001:00001051       ?__scrt_uninitialize_type_info@@YAXXZ 10002051 f   msvcrt:tncleanup.obj
 0001:0000105d       ___local_stdio_scanf_options 1000205d f i msvcrt:default_local_stdio_options.obj
 0001:00001063       ___scrt_initialize_default_local_stdio_options 10002063 f   msvcrt:default_local_stdio_options.obj
 0001:00001080       ??$__crt_fast_decode_pointer@PAP6AXXZ@@YAPAP6AXXZQAP6AXXZ@Z 10002080 f i msvcrt:utility.obj
 0001:00001094       ??$__crt_fast_encode_pointer@PAP6AXXZ@@YAPAP6AXXZQAP6AXXZ@Z 10002094 f i msvcrt:utility.obj
 0001:000010b1       ?__crt_rotate_pointer_value@@YAIIH@Z 100020b1 f i msvcrt:utility.obj
 0001:000010be       ?configure_argv@__scrt_narrow_argv_policy@@SAHXZ 100020be f i msvcrt:utility.obj
 0001:0000110f       ?initialize_environment@__scrt_narrow_environment_policy@@SAHXZ 1000210f f i msvcrt:utility.obj
 0001:00001147       _NtCurrentTeb              10002147 f i msvcrt:utility.obj
 0001:0000114e       ___scrt_acquire_startup_lock 1000214e f   msvcrt:utility.obj
 0001:00001183       ___scrt_dllmain_after_initialize_c 10002183 f   msvcrt:utility.obj
 0001:000011ae       ___scrt_dllmain_before_initialize_c 100021ae f   msvcrt:utility.obj
 0001:000011bc       ___scrt_dllmain_crt_thread_attach 100021bc f   msvcrt:utility.obj
 0001:000011db       ___scrt_dllmain_crt_thread_detach 100021db f   msvcrt:utility.obj
 0001:000011e8       ___scrt_dllmain_exception_filter 100021e8 f   msvcrt:utility.obj
 0001:0000121b       ___scrt_dllmain_uninitialize_c 1000221b f   msvcrt:utility.obj
 0001:0000123e       ___scrt_dllmain_uninitialize_critical 1000223e f   msvcrt:utility.obj
 0001:0000124b       ___scrt_initialize_crt     1000224b f   msvcrt:utility.obj
 0001:00001284       ___scrt_initialize_onexit_tables 10002284 f   msvcrt:utility.obj
 0001:0000132e       ___scrt_is_nonwritable_in_current_image 1000232e f   msvcrt:utility.obj
 0001:000013b8       ___scrt_release_startup_lock 100023b8 f   msvcrt:utility.obj
 0001:000013d5       ___scrt_uninitialize_crt   100023d5 f   msvcrt:utility.obj
 0001:000013fd       __onexit                   100023fd f   msvcrt:utility.obj
 0001:00001438       _at_quick_exit             10002438 f   msvcrt:utility.obj
 0001:00001469       _atexit                    10002469 f   msvcrt:utility.obj
 0001:0000147e       ___scrt_get_dyn_tls_init_callback 1000247e f   msvcrt:dyn_tls_init.obj
 0001:00001484       ___scrt_fastfail           10002484 f   msvcrt:utility_desktop.obj
 0001:000015a0       ___scrt_get_show_window_mode 100025a0 f   msvcrt:utility_desktop.obj
 0001:000015d3       ___scrt_initialize_winrt   100025d3 f   msvcrt:utility_desktop.obj
 0001:000015d6       ___scrt_is_managed_app     100025d6 f   msvcrt:utility_desktop.obj
 0001:0000161a       ___scrt_set_unhandled_exception_filter 1000261a f   msvcrt:utility_desktop.obj
 0001:00001626       ___scrt_unhandled_exception_filter@4 10002626 f   msvcrt:utility_desktop.obj
 0001:00001667       __crt_debugger_hook        10002667 f   msvcrt:utility_desktop.obj
 0001:0000166f       __RTC_Initialize           1000266f f   msvcrt:_initsect_.obj
 0001:0000169a       __RTC_Terminate            1000269a f   msvcrt:_initsect_.obj
 0001:000016c5       @_guard_check_icall@4      100026c5 f i msvcrt:checkcfg.obj
 0001:000016d0       __SEH_prolog4              100026d0 f   msvcrt:_sehprolg4_.obj
 0001:00001716       __SEH_epilog4              10002716 f   msvcrt:_sehprolg4_.obj
 0001:0000172b       __except_handler4          1000272b f   msvcrt:_chandler4gs_.obj
 0001:0000174e       ___isa_available_init      1000274e f   msvcrt:_cpu_disp_.obj
 0001:000018e7       __get_startup_argv_mode    100028e7 f   msvcrt:argv_mode.obj
 0001:000018eb       ___scrt_is_ucrt_dll_in_use 100028eb f   msvcrt:ucrt_detection.obj
 0001:000018f7       @_guard_check_icall_nop@4  100028f7 f i msvcrt:guard_support.obj
 0001:000018f8       _ReadNoFence               100028f8 f i msvcrt:guard_support.obj
 0001:00001902       _ReadPointerNoFence        10002902 f i msvcrt:guard_support.obj
 0001:0000190c       __guard_icall_checks_enforced 1000290c f i msvcrt:guard_support.obj
 0001:0000191e       @__security_check_cookie@4 1000291e f   msvcrt:_secchk_.obj
 0001:0000192f       ___raise_securityfailure   1000292f f   msvcrt:gs_report.obj
 0001:00001957       ___report_gsfailure        10002957 f   msvcrt:gs_report.obj
 0001:00001a52       ___report_rangecheckfailure 10002a52 f   msvcrt:gs_report.obj
 0001:00001a5e       ___report_securityfailure  10002a5e f   msvcrt:gs_report.obj
 0001:00001b2e       ___report_securityfailureEx 10002b2e f   msvcrt:gs_report.obj
 0001:00001c44       _EnterCriticalSection@4    10002c44 f   kernel32:KERNEL32.dll
 0001:00001c4a       _LeaveCriticalSection@4    10002c4a f   kernel32:KERNEL32.dll
 0001:00001c50       _GetSystemTimeAsFileTime@4 10002c50 f   kernel32:KERNEL32.dll
 0001:00001c56       _Sleep@4                   10002c56 f   kernel32:KERNEL32.dll
 0001:00001c5c       _GetStdHandle@4            10002c5c f   kernel32:KERNEL32.dll
 0001:00001c62       _GetConsoleScreenBufferInfo@8 10002c62 f   kernel32:KERNEL32.dll
 0001:00001c68       _InitializeCriticalSection@4 10002c68 f   kernel32:KERNEL32.dll
 0001:00001c6e       _SetConsoleTextAttribute@8 10002c6e f   kernel32:KERNEL32.dll
 0001:00001c74       _QueryPerformanceCounter@4 10002c74 f   kernel32:KERNEL32.dll
 0001:00001c7a       _GetCurrentProcessId@0     10002c7a f   kernel32:KERNEL32.dll
 0001:00001c80       _GetCurrentThreadId@0      10002c80 f   kernel32:KERNEL32.dll
 0001:00001c86       _InitializeSListHead@4     10002c86 f   kernel32:KERNEL32.dll
 0001:00001c8c       _IsDebuggerPresent@0       10002c8c f   kernel32:KERNEL32.dll
 0001:00001c92       _UnhandledExceptionFilter@4 10002c92 f   kernel32:KERNEL32.dll
 0001:00001c98       _SetUnhandledExceptionFilter@4 10002c98 f   kernel32:KERNEL32.dll
 0001:00001c9e       _GetStartupInfoW@4         10002c9e f   kernel32:KERNEL32.dll
 0001:00001ca4       _IsProcessorFeaturePresent@4 10002ca4 f   kernel32:KERNEL32.dll
 0001:00001caa       _GetModuleHandleW@4        10002caa f   kernel32:KERNEL32.dll
 0001:00001cb0       _GetCurrentProcess@0       10002cb0 f   kernel32:KERNEL32.dll
 0001:00001cb6       _TerminateProcess@8        10002cb6 f   kernel32:KERNEL32.dll
 0001:00001cbc       ___std_type_info_destroy_list 10002cbc f   vcruntime:VCRUNTIME140.dll
 0001:00001cc2       _memset                    10002cc2 f   vcruntime:VCRUNTIME140.dll
 0001:00001cc8       __except_handler4_common   10002cc8 f   vcruntime:VCRUNTIME140.dll
 0001:00001cce       ___acrt_iob_func           10002cce f   ucrt:api-ms-win-crt-stdio-l1-1-0.dll
 0001:00001cd4       ___stdio_common_vfprintf   10002cd4 f   ucrt:api-ms-win-crt-stdio-l1-1-0.dll
 0001:00001cda       _strncpy_s                 10002cda f   ucrt:api-ms-win-crt-string-l1-1-0.dll
 0001:00001ce0       _free                      10002ce0 f   ucrt:api-ms-win-crt-heap-l1-1-0.dll
 0001:00001ce6       _calloc                    10002ce6 f   ucrt:api-ms-win-crt-heap-l1-1-0.dll
 0001:00001cec       ___stdio_common_vsprintf   10002cec f   ucrt:api-ms-win-crt-stdio-l1-1-0.dll
 0001:00001cf2       __strdup                   10002cf2 f   ucrt:api-ms-win-crt-string-l1-1-0.dll
 0001:00001cf8       _getenv                    10002cf8 f   ucrt:api-ms-win-crt-environment-l1-1-0.dll
 0001:00001cfe       _fflush                    10002cfe f   ucrt:api-ms-win-crt-stdio-l1-1-0.dll
 0001:00001d04       __initterm                 10002d04 f   ucrt:api-ms-win-crt-runtime-l1-1-0.dll
 0001:00001d0a       __initterm_e               10002d0a f   ucrt:api-ms-win-crt-runtime-l1-1-0.dll
 0001:00001d10       __seh_filter_dll           10002d10 f   ucrt:api-ms-win-crt-runtime-l1-1-0.dll
 0001:00001d16       __configure_narrow_argv    10002d16 f   ucrt:api-ms-win-crt-runtime-l1-1-0.dll
 0001:00001d1c       __initialize_narrow_environment 10002d1c f   ucrt:api-ms-win-crt-runtime-l1-1-0.dll
 0001:00001d22       __initialize_onexit_table  10002d22 f   ucrt:api-ms-win-crt-runtime-l1-1-0.dll
 0001:00001d28       __register_onexit_function 10002d28 f   ucrt:api-ms-win-crt-runtime-l1-1-0.dll
 0001:00001d2e       __execute_onexit_table     10002d2e f   ucrt:api-ms-win-crt-runtime-l1-1-0.dll
 0001:00001d34       __crt_atexit               10002d34 f   ucrt:api-ms-win-crt-runtime-l1-1-0.dll
 0001:00001d3a       __crt_at_quick_exit        10002d3a f   ucrt:api-ms-win-crt-runtime-l1-1-0.dll
 0001:00001d40       __cexit                    10002d40 f   ucrt:api-ms-win-crt-runtime-l1-1-0.dll
 0001:00001d46       _terminate                 10002d46 f   ucrt:api-ms-win-crt-runtime-l1-1-0.dll
 0001:00001d4c       ___acrt_initialize         10002d4c f   msvcrt:ucrt_stubs.obj
 0001:00001d4c       ___vcrt_initialize         10002d4c f   msvcrt:ucrt_stubs.obj
 0001:00001d4c       ___scrt_stub_for_acrt_initialize 10002d4c f   msvcrt:ucrt_stubs.obj
 0001:00001d4f       ___acrt_thread_attach      10002d4f f   msvcrt:ucrt_stubs.obj
 0001:00001d4f       ___scrt_stub_for_acrt_thread_attach 10002d4f f   msvcrt:ucrt_stubs.obj
 0001:00001d4f       ___vcrt_thread_attach      10002d4f f   msvcrt:ucrt_stubs.obj
 0001:00001d52       ___vcrt_thread_detach      10002d52 f   msvcrt:ucrt_stubs.obj
 0001:00001d52       ___scrt_stub_for_acrt_thread_detach 10002d52 f   msvcrt:ucrt_stubs.obj
 0001:00001d52       ___acrt_thread_detach      10002d52 f   msvcrt:ucrt_stubs.obj
 0001:00001d55       ___acrt_uninitialize       10002d55 f   msvcrt:ucrt_stubs.obj
 0001:00001d55       ___scrt_stub_for_acrt_uninitialize 10002d55 f   msvcrt:ucrt_stubs.obj
 0001:00001d55       ___vcrt_uninitialize       10002d55 f   msvcrt:ucrt_stubs.obj
 0001:00001d58       ___acrt_uninitialize_critical 10002d58 f   msvcrt:ucrt_stubs.obj
 0001:00001d58       ___scrt_stub_for_acrt_uninitialize_critical 10002d58 f   msvcrt:ucrt_stubs.obj
 0001:00001d58       ___vcrt_uninitialize_critical 10002d58 f   msvcrt:ucrt_stubs.obj
 0001:00001d5b       __is_c_termination_complete 10002d5b f   msvcrt:ucrt_stubs.obj
 0001:00001d5b       ___scrt_stub_for_is_c_termination_complete 10002d5b f   msvcrt:ucrt_stubs.obj
 0002:00000000       __imp__EnterCriticalSection@4 10003000     kernel32:KERNEL32.dll
 0002:00000004       __imp__LeaveCriticalSection@4 10003004     kernel32:KERNEL32.dll
 0002:00000008       __imp__GetSystemTimeAsFileTime@4 10003008     kernel32:KERNEL32.dll
 0002:0000000c       __imp__Sleep@4             1000300c     kernel32:KERNEL32.dll
 0002:00000010       __imp__GetStdHandle@4      10003010     kernel32:KERNEL32.dll
 0002:00000014       __imp__GetConsoleScreenBufferInfo@8 10003014     kernel32:KERNEL32.dll
 0002:00000018       __imp__InitializeCriticalSection@4 10003018     kernel32:KERNEL32.dll
 0002:0000001c       __imp__SetConsoleTextAttribute@8 1000301c     kernel32:KERNEL32.dll
 0002:00000020       __imp__QueryPerformanceCounter@4 10003020     kernel32:KERNEL32.dll
 0002:00000024       __imp__GetCurrentProcessId@0 10003024     kernel32:KERNEL32.dll
 0002:00000028       __imp__GetCurrentThreadId@0 10003028     kernel32:KERNEL32.dll
 0002:0000002c       __imp__InitializeSListHead@4 1000302c     kernel32:KERNEL32.dll
 0002:00000030       __imp__IsDebuggerPresent@0 10003030     kernel32:KERNEL32.dll
 0002:00000034       __imp__UnhandledExceptionFilter@4 10003034     kernel32:KERNEL32.dll
 0002:00000038       __imp__SetUnhandledExceptionFilter@4 10003038     kernel32:KERNEL32.dll
 0002:0000003c       __imp__GetStartupInfoW@4   1000303c     kernel32:KERNEL32.dll
 0002:00000040       __imp__IsProcessorFeaturePresent@4 10003040     kernel32:KERNEL32.dll
 0002:00000044       __imp__GetModuleHandleW@4  10003044     kernel32:KERNEL32.dll
 0002:00000048       __imp__GetCurrentProcess@0 10003048     kernel32:KERNEL32.dll
 0002:0000004c       __imp__TerminateProcess@8  1000304c     kernel32:KERNEL32.dll
 0002:00000050       \177KERNEL32_NULL_THUNK_DATA 10003050     kernel32:KERNEL32.dll
 0002:00000054       __imp____std_type_info_destroy_list 10003054     vcruntime:VCRUNTIME140.dll
 0002:00000058       __imp__memset              10003058     vcruntime:VCRUNTIME140.dll
 0002:0000005c       __imp___except_handler4_common 1000305c     vcruntime:VCRUNTIME140.dll
 0002:00000060       \177VCRUNTIME140_NULL_THUNK_DATA 10003060     vcruntime:VCRUNTIME140.dll
 0002:00000064       __imp__getenv              10003064     ucrt:api-ms-win-crt-environment-l1-1-0.dll
 0002:00000068       \177api-ms-win-crt-environment-l1-1-0_NULL_THUNK_DATA 10003068     ucrt:api-ms-win-crt-environment-l1-1-0.dll
 0002:0000006c       __imp__free                1000306c     ucrt:api-ms-win-crt-heap-l1-1-0.dll
 0002:00000070       __imp__calloc              10003070     ucrt:api-ms-win-crt-heap-l1-1-0.dll
 0002:00000074       \177api-ms-win-crt-heap-l1-1-0_NULL_THUNK_DATA 10003074     ucrt:api-ms-win-crt-heap-l1-1-0.dll
 0002:00000078       __imp___cexit              10003078     ucrt:api-ms-win-crt-runtime-l1-1-0.dll
 0002:0000007c       __imp__terminate           1000307c     ucrt:api-ms-win-crt-runtime-l1-1-0.dll
 0002:00000080       __imp___execute_onexit_table 10003080     ucrt:api-ms-win-crt-runtime-l1-1-0.dll
 0002:00000084       __imp___crt_at_quick_exit  10003084     ucrt:api-ms-win-crt-runtime-l1-1-0.dll
 0002:00000088       __imp___initterm           10003088     ucrt:api-ms-win-crt-runtime-l1-1-0.dll
 0002:0000008c       __imp___initterm_e         1000308c     ucrt:api-ms-win-crt-runtime-l1-1-0.dll
 0002:00000090       __imp___seh_filter_dll     10003090     ucrt:api-ms-win-crt-runtime-l1-1-0.dll
 0002:00000094       __imp___configure_narrow_argv 10003094     ucrt:api-ms-win-crt-runtime-l1-1-0.dll
 0002:00000098       __imp___initialize_narrow_environment 10003098     ucrt:api-ms-win-crt-runtime-l1-1-0.dll
 0002:0000009c       __imp___initialize_onexit_table 1000309c     ucrt:api-ms-win-crt-runtime-l1-1-0.dll
 0002:000000a0       __imp___register_onexit_function 100030a0     ucrt:api-ms-win-crt-runtime-l1-1-0.dll
 0002:000000a4       __imp___crt_atexit         100030a4     ucrt:api-ms-win-crt-runtime-l1-1-0.dll
 0002:000000a8       \177api-ms-win-crt-runtime-l1-1-0_NULL_THUNK_DATA 100030a8     ucrt:api-ms-win-crt-runtime-l1-1-0.dll
 0002:000000ac       __imp____stdio_common_vfprintf 100030ac     ucrt:api-ms-win-crt-stdio-l1-1-0.dll
 0002:000000b0       __imp____stdio_common_vsprintf 100030b0     ucrt:api-ms-win-crt-stdio-l1-1-0.dll
 0002:000000b4       __imp____acrt_iob_func     100030b4     ucrt:api-ms-win-crt-stdio-l1-1-0.dll
 0002:000000b8       __imp__fflush              100030b8     ucrt:api-ms-win-crt-stdio-l1-1-0.dll
 0002:000000bc       \177api-ms-win-crt-stdio-l1-1-0_NULL_THUNK_DATA 100030bc     ucrt:api-ms-win-crt-stdio-l1-1-0.dll
 0002:000000c0       __imp__strncpy_s           100030c0     ucrt:api-ms-win-crt-string-l1-1-0.dll
 0002:000000c4       __imp___strdup             100030c4     ucrt:api-ms-win-crt-string-l1-1-0.dll
 0002:000000c8       \177api-ms-win-crt-string-l1-1-0_NULL_THUNK_DATA 100030c8     ucrt:api-ms-win-crt-string-l1-1-0.dll
 0002:000000cc       ___guard_check_icall_fptr  100030cc     msvcrt:guard_support.obj
 0002:000000d0       ___xc_a                    100030d0     msvcrt:initializers.obj
 0002:000000d4       ___xc_z                    100030d4     msvcrt:initializers.obj
 0002:000000d8       ___xi_a                    100030d8     msvcrt:initializers.obj
 0002:000000dc       ___xi_z                    100030dc     msvcrt:initializers.obj
 0002:000000e0       ___xp_a                    100030e0     msvcrt:initializers.obj
 0002:000000e4       ___xp_z                    100030e4     msvcrt:initializers.obj
 0002:000000e8       ___xt_a                    100030e8     msvcrt:initializers.obj
 0002:000000ec       ___xt_z                    100030ec     msvcrt:initializers.obj
 0002:000000f0       ??_C@_0CI@JHGONIHK@WinPcap?9plugin?1example?1example_p@ 100030f0     example_plugin.obj
 0002:00000118       ??_C@_0L@KANHDNKH@?$FLExample?$FN?5?$AA@ 10003118     example_plugin.obj
 0002:00000123       ??_C@_0L@GPDHCKBD@?$CFs?$CFs?$CI?$CFu?$CJ?3?5?$AA@ 10003123     example_plugin.obj
 0002:0000012e       ??_C@_0BE@KOCBBDLE@GetPluginApiVersion?$AA@ 1000312e     example_plugin.obj
 0002:00000142       ??_C@_0BH@PADAEFIC@?$CFs?$CI?$CJ?5called?0?5ver?3?5?$CFd?4?6?$AA@ 10003142     example_plugin.obj
 0002:00000159       ??_C@_0O@IAFDCCPH@ExamplePlugin?$AA@ 10003159     example_plugin.obj
 0002:00000167       ??_C@_0O@PNNDMIOO@GetPluginName?$AA@ 10003167     example_plugin.obj
 0002:00000175       ??_C@_0BD@GFDCDDNC@?$CFs?$CI?$CJ?5called?5?9?$DO?5?$CFs?6?$AA@ 10003175     example_plugin.obj
 0002:00000188       ??_C@_0P@FBONFNBH@FreeDeviceList?$AA@ 10003188     example_plugin.obj
 0002:00000197       ??_C@_0O@KLCJHALO@?$CFs?$CI?$CJ?5called?4?6?$AA@ 10003197     example_plugin.obj
 0002:000001a5       ??_C@_0O@HEMADPC@GetDeviceList?$AA@ 100031a5     example_plugin.obj
 0002:000001b3       ??_C@_0DF@FOCGJEGN@Failed?5to?5allocate?5memory?5for?5th@ 100031b3     example_plugin.obj
 0002:000001e8       ??_C@_0BE@KPLJLPNI@?2?2ExamplePlugin?2?$CD?$CFu?$AA@ 100031e8     example_plugin.obj
 0002:000001fc       ??_C@_0BC@EDNOBHEL@ExamplePlugin?5?$CD?$CFu?$AA@ 100031fc     example_plugin.obj
 0002:0000020e       ??_C@_0N@HHECMEEM@OpenInstance?$AA@ 1000320e     example_plugin.obj
 0002:0000021b       ??_C@_0BD@BLIBMDDE@?$CFs?5?$CI?$CC?$CFs?$CC?$CJ?5called?4?6?$AA@ 1000321b     example_plugin.obj
 0002:0000022e       ??_C@_0DC@KMKPNNGD@Failed?5to?5allocate?5memory?5for?5th@ 1000322e     example_plugin.obj
 0002:00000260       ??_C@_0O@FKMOIJOK@CloseInstance?$AA@ 10003260     example_plugin.obj
 0002:0000026e       ??_C@_0M@MHJHIKHK@GetLinkType?$AA@ 1000326e     example_plugin.obj
 0002:0000027a       ??_C@_0BB@LFAEFDDE@GetSupportedDlts?$AA@ 1000327a     example_plugin.obj
 0002:0000028b       ??_C@_0FA@EDIGCHGB@Currently?0?5DLT_NULL?0?5DLT_EN10MB?5@ 1000328b     example_plugin.obj
 0002:000002db       ??_C@_08HBBBJJPB@GetStats?$AA@ 100032db     example_plugin.obj
 0002:000002e4       ??_C@_0P@FLEECFKF@SetReadTimeout?$AA@ 100032e4     example_plugin.obj
 0002:000002f3       ??_C@_0O@DJLGPGFL@GetNextPacket?$AA@ 100032f3     example_plugin.obj
 0002:00000301       ??_C@_07LEFFBAGK@Example?$AA@ 10003301     example_plugin.obj
 0002:00000309       ??_C@_0O@BBCLECG@SetBufferSize?$AA@ 10003309     example_plugin.obj
 0002:00000317       ??_C@_0N@BMAGMOMF@SetMinToCopy?$AA@ 10003317     example_plugin.obj
 0002:00000324       ??_C@_07JLKLLPCJ@DllMain?$AA@ 10003324     example_plugin.obj
 0002:0000032c       ??_C@_0CE@ICEGJPMI@?$CFs?5?$CI?$CFp?0DLL_PROCESS_ATTACH?$CJ?5calle@ 1000332c     example_plugin.obj
 0002:00000350       ??_C@_0CE@DOKHNMEL@?$CFs?5?$CI?$CFp?0DLL_PROCESS_DETACH?$CJ?5calle@ 10003350     example_plugin.obj
 0002:00000374       ??_C@_0L@NJKPDDID@PCAP_TRACE?$AA@ 10003374     pcap-trace.obj
 0002:00000380       __pDefaultRawDllMain       10003380     msvcrt:dll_dllmain.obj
 0002:00000380       __pRawDllMain              10003380     msvcrt:dll_dllmain.obj
 0002:000003e8       __load_config_used         100033e8     msvcrt:loadcfg.obj
 0002:00000490       ___safe_se_handler_table   10003490     <linker-defined>
 0002:00000740       ___rtc_iaa                 10003740     msvcrt:_initsect_.obj
 0002:00000744       ___rtc_izz                 10003744     msvcrt:_initsect_.obj
 0002:00000748       ___rtc_taa                 10003748     msvcrt:_initsect_.obj
 0002:0000074c       ___rtc_tzz                 1000374c     msvcrt:_initsect_.obj
 0002:00000964       __IMPORT_DESCRIPTOR_KERNEL32 10003964     kernel32:KERNEL32.dll
 0002:00000978       __IMPORT_DESCRIPTOR_VCRUNTIME140 10003978     vcruntime:VCRUNTIME140.dll
 0002:0000098c       __IMPORT_DESCRIPTOR_api-ms-win-crt-stdio-l1-1-0 1000398c     ucrt:api-ms-win-crt-stdio-l1-1-0.dll
 0002:000009a0       __IMPORT_DESCRIPTOR_api-ms-win-crt-string-l1-1-0 100039a0     ucrt:api-ms-win-crt-string-l1-1-0.dll
 0002:000009b4       __IMPORT_DESCRIPTOR_api-ms-win-crt-heap-l1-1-0 100039b4     ucrt:api-ms-win-crt-heap-l1-1-0.dll
 0002:000009c8       __IMPORT_DESCRIPTOR_api-ms-win-crt-environment-l1-1-0 100039c8     ucrt:api-ms-win-crt-environment-l1-1-0.dll
 0002:000009dc       __IMPORT_DESCRIPTOR_api-ms-win-crt-runtime-l1-1-0 100039dc     ucrt:api-ms-win-crt-runtime-l1-1-0.dll
 0002:000009f0       __NULL_IMPORT_DESCRIPTOR   100039f0     kernel32:KERNEL32.dll
 0003:00000000       ___scrt_native_dllmain_reason 10004000     msvcrt:utility.obj
 0003:00000010       ___security_cookie         10004010     msvcrt:gs_cookie.obj
 0003:00000014       ___security_cookie_complement 10004014     msvcrt:gs_cookie.obj
 0003:00000018       ___isa_enabled             10004018     msvcrt:_cpu_disp_.obj
 0003:0000001c       ___scrt_ucrt_dll_is_in_use 1000401c     msvcrt:ucrt_stubs.obj
 0003:00000048       ?__type_info_root_node@@3U__type_info_node@@A 10004048     msvcrt:tncleanup.obj
 0003:00000050       ?_OptionsStorage@?1??__local_stdio_printf_options@@9@4_KA 10004050     msvcrt:default_local_stdio_options.obj
 0003:00000058       ?_OptionsStorage@?1??__local_stdio_scanf_options@@9@4_KA 10004058     msvcrt:default_local_stdio_options.obj
 0003:00000060       ___scrt_current_native_startup_state 10004060     msvcrt:utility.obj
 0003:00000064       ___scrt_native_startup_lock 10004064     msvcrt:utility.obj
 0003:00000084       ___scrt_debugger_hook_flag 10004084     msvcrt:utility_desktop.obj
 0003:00000088       ___isa_available           10004088     msvcrt:_cpu_disp_.obj
 0003:0000008c       ___favor                   1000408c     msvcrt:_cpu_disp_.obj
 0003:000003ac       _g_dbg_level               100043ac     <common>
 0003:000003c0       _g_trace_crit              100043c0     <common>
 0003:000003d8       ___dyn_tls_init_callback   100043d8     <common>

 entry point at        0001:00000f88

 Static symbols

 0000:ffff9000       .debug$S                   10000000     kernel32:KERNEL32.dll
 0000:ffff9000       .debug$S                   10000000     ucrt:api-ms-win-crt-runtime-l1-1-0.dll
 0000:ffff9000       .debug$S                   10000000     winpcap_example_plugin.exp
 0000:ffff9000       .debug$S                   10000000     ucrt:api-ms-win-crt-runtime-l1-1-0.dll
 0000:ffff9000       .debug$S                   10000000     ucrt:api-ms-win-crt-runtime-l1-1-0.dll
 0000:ffff9000       .debug$S                   10000000     ucrt:api-ms-win-crt-runtime-l1-1-0.dll
 0000:ffff9000       .debug$S                   10000000     ucrt:api-ms-win-crt-runtime-l1-1-0.dll
 0000:ffff9000       .debug$S                   10000000     ucrt:api-ms-win-crt-stdio-l1-1-0.dll
 0000:ffff9000       .debug$S                   10000000     ucrt:api-ms-win-crt-stdio-l1-1-0.dll
 0000:ffff9000       .debug$S                   10000000     ucrt:api-ms-win-crt-stdio-l1-1-0.dll
 0000:ffff9000       .debug$S                   10000000     ucrt:api-ms-win-crt-stdio-l1-1-0.dll
 0000:ffff9000       .debug$S                   10000000     ucrt:api-ms-win-crt-string-l1-1-0.dll
 0000:ffff9000       .debug$S                   10000000     ucrt:api-ms-win-crt-string-l1-1-0.dll
 0000:ffff9000       .debug$S                   10000000     vcruntime:VCRUNTIME140.dll
 0000:ffff9000       .debug$S                   10000000     vcruntime:VCRUNTIME140.dll
 0000:ffff9000       .debug$S                   10000000     vcruntime:VCRUNTIME140.dll
 0000:ffff9000       .debug$S                   10000000     kernel32:KERNEL32.dll
 0000:ffff9000       .debug$S                   10000000     kernel32:KERNEL32.dll
 0000:ffff9000       .debug$S                   10000000     kernel32:KERNEL32.dll
 0000:ffff9000       .debug$S                   10000000     kernel32:KERNEL32.dll
 0000:ffff9000       .debug$S                   10000000     kernel32:KERNEL32.dll
 0000:ffff9000       .debug$S                   10000000     ucrt:api-ms-win-crt-environment-l1-1-0.dll
 0000:ffff9000       .debug$S                   10000000     kernel32:KERNEL32.dll
 0000:ffff9000       .debug$S                   10000000     ucrt:api-ms-win-crt-heap-l1-1-0.dll
 0000:ffff9000       .debug$S                   10000000     kernel32:KERNEL32.dll
 0002:ffffd000       __guard_fids___except_handler4 10000000     msvcrt:_chandler4gs_.obj
 0000:ffff9000       .debug$S                   10000000     kernel32:KERNEL32.dll
 0000:ffff9000       .debug$S                   10000000     ucrt:api-ms-win-crt-heap-l1-1-0.dll
 0000:ffff9000       .debug$S                   10000000     ucrt:api-ms-win-crt-runtime-l1-1-0.dll
 0000:ffff9000       .debug$S                   10000000     kernel32:KERNEL32.dll
 0000:ffff9000       .debug$S                   10000000     kernel32:KERNEL32.dll
 0002:ffffd000       __guard_fids__             10000000     msvcrt:guard_support.obj
 0002:ffffd000       __guard_fids___guard_icall_checks_enforced 10000000     msvcrt:guard_support.obj
 0000:ffff9000       .debug$S                   10000000     ucrt:api-ms-win-crt-runtime-l1-1-0.dll
 0000:ffff9000       .debug$S                   10000000     kernel32:KERNEL32.dll
 0000:ffff9000       .debug$S                   10000000     kernel32:KERNEL32.dll
 0000:ffff9000       .debug$S                   10000000     kernel32:KERNEL32.dll
 0000:ffff9000       .debug$S                   10000000     kernel32:KERNEL32.dll
 0000:ffff9000       .debug$S                   10000000     kernel32:KERNEL32.dll
 0000:ffff9000       .debug$S                   10000000     kernel32:KERNEL32.dll
 0000:ffff9000       .debug$S                   10000000     kernel32:KERNEL32.dll
 0002:ffffd000       __guard_fids_?dllmain_dispatch@@YAHQAUHINSTANCE__@@KQAX@Z 10000000     msvcrt:dll_dllmain.obj
 0000:ffff9000       .debug$S                   10000000     kernel32:KERNEL32.dll
 0000:ffff9000       .debug$S                   10000000     ucrt:api-ms-win-crt-runtime-l1-1-0.dll
 0000:ffff9000       .debug$S                   10000000     ucrt:api-ms-win-crt-runtime-l1-1-0.dll
 0000:ffff9000       .debug$S                   10000000     ucrt:api-ms-win-crt-runtime-l1-1-0.dll
 0000:ffff9000       .debug$S                   10000000     kernel32:KERNEL32.dll
 0002:ffffd000       __guard_fids____scrt_set_unhandled_exception_filter 10000000     msvcrt:utility_desktop.obj
 0000:ffff9000       .debug$S                   10000000     ucrt:api-ms-win-crt-runtime-l1-1-0.dll
 0000:ffff9000       .debug$S                   10000000     ucrt:api-ms-win-crt-runtime-l1-1-0.dll
 0001:00000be0       $$000000                   10001be0     msvcrt:ulldiv.obj
 0001:00000c48       ?dllmain_crt_dispatch@@YGHQAUHINSTANCE__@@KQAX@Z 10001c48 f   msvcrt:dll_dllmain.obj
 0001:00000c9b       ?dllmain_crt_process_attach@@YAHQAUHINSTANCE__@@QAX@Z 10001c9b f   msvcrt:dll_dllmain.obj
 0001:00000d9a       ?dllmain_crt_process_detach@@YAH_N@Z 10001d9a f   msvcrt:dll_dllmain.obj
 0001:00000e22       ?dllmain_dispatch@@YAHQAUHINSTANCE__@@KQAX@Z 10001e22 f   msvcrt:dll_dllmain.obj
 0001:00000f55       ?dllmain_raw@@YGHQAUHINSTANCE__@@KQAX@Z 10001f55 f   msvcrt:dll_dllmain.obj
 0001:00000fab       ___get_entropy             10001fab f   msvcrt:gs_support.obj
 0001:000010cb       ?find_pe_section@@YAPAU_IMAGE_SECTION_HEADER@@QAEI@Z 100020cb f   msvcrt:utility.obj
 0001:00001114       ?is_potentially_valid_image_base@@YA_NQAX@Z 10002114 f   msvcrt:utility.obj
 0001:000016d0       $$000000                   100026d0     msvcrt:_sehprolg4_.obj
 0002:00000384       _GS_ExceptionPointers      10003384     msvcrt:gs_report.obj
 0002:00000750       __sehtable$?dllmain_crt_process_attach@@YAHQAUHINSTANCE__@@QAX@Z 10003750     msvcrt:dll_dllmain.obj
 0002:00000770       __sehtable$?dllmain_crt_process_detach@@YAH_N@Z 10003770     msvcrt:dll_dllmain.obj
 0002:00000790       __sehtable$?dllmain_dispatch@@YAHQAUHINSTANCE__@@KQAX@Z 10003790     msvcrt:dll_dllmain.obj
 0002:000007b0       __sehtable$___scrt_is_nonwritable_in_current_image 100037b0     msvcrt:utility.obj
 0002:000007d0       .edata                     100037d0     winpcap_example_plugin.exp
 0002:000007f8       rgpv                       100037f8     winpcap_example_plugin.exp
 0002:00000830       rgszName                   10003830     winpcap_example_plugin.exp
 0002:00000868       rgwOrd                     10003868     winpcap_example_plugin.exp
 0002:00000884       szName                     10003884     winpcap_example_plugin.exp
 0002:0000089f       $N00001                    1000389f     winpcap_example_plugin.exp
 0002:000008ad       $N00002                    100038ad     winpcap_example_plugin.exp
 0002:000008bc       $N00003                    100038bc     winpcap_example_plugin.exp
 0002:000008ca       $N00004                    100038ca     winpcap_example_plugin.exp
 0002:000008d6       $N00005                    100038d6     winpcap_example_plugin.exp
 0002:000008e4       $N00006                    100038e4     winpcap_example_plugin.exp
 0002:000008f8       $N00007                    100038f8     winpcap_example_plugin.exp
 0002:00000906       $N00008                    10003906     winpcap_example_plugin.exp
 0002:0000090f       $N00009                    1000390f     winpcap_example_plugin.exp
 0002:00000920       $N00010                    10003920     winpcap_example_plugin.exp
 0002:0000092d       $N00011                    1000392d     winpcap_example_plugin.exp
 0002:0000093b       $N00012                    1000393b     winpcap_example_plugin.exp
 0002:00000947       $N00013                    10003947     winpcap_example_plugin.exp
 0002:00000954       $N00014                    10003954     winpcap_example_plugin.exp
 0002:00000c9a       .idata$6                   10003c9a     kernel32:KERNEL32.dll
 0002:00000cec       .idata$6                   10003cec     vcruntime:VCRUNTIME140.dll
 0002:00000e72       .idata$6                   10003e72     ucrt:api-ms-win-crt-stdio-l1-1-0.dll
 0002:00000e92       .idata$6                   10003e92     ucrt:api-ms-win-crt-string-l1-1-0.dll
 0002:00000eb4       .idata$6                   10003eb4     ucrt:api-ms-win-crt-heap-l1-1-0.dll
 0002:00000ed4       .idata$6                   10003ed4     ucrt:api-ms-win-crt-environment-l1-1-0.dll
 0002:00000efa       .idata$6                   10003efa     ucrt:api-ms-win-crt-runtime-l1-1-0.dll
 0003:00000020       ___local_stdio_printf_options._OptionsStorage 10004020     example_plugin.obj
 0003:00000028       _stdout_hnd                10004028     pcap-trace.obj
 0003:0000002c       _console_info              1000402c     pcap-trace.obj
 0003:00000044       ?__proc_attached@@3HA      10004044     msvcrt:dll_dllmain.obj
 0003:00000068       ?module_local_atexit_table@@3U_onexit_table_t@@A 10004068     msvcrt:utility.obj
 0003:00000074       ?module_local_at_quick_exit_table@@3U_onexit_table_t@@A 10004074     msvcrt:utility.obj
 0003:00000080       ?module_local_atexit_table_initialized@@3_NA 10004080     msvcrt:utility.obj
 0003:00000081       ?is_initialized_as_dll@@3_NA 10004081     msvcrt:utility.obj
 0003:00000090       _GS_ExceptionRecord        10004090     msvcrt:gs_report.obj
 0003:000000e0       _GS_ContextRecord          100040e0     msvcrt:gs_report.obj
 0004:00000060       $R000000                   10005060     example_plugin.res

Starting pass 1
Processed /DEFAULTLIB:msvcrt.lib
Processed /DEFAULTLIB:oldnames.lib

Searching libraries
    Searching f:\gv\VC_2017\VC\Tools\MSVC\14.12.25827\lib\x86\msvcrt.lib:
      Found __aulldiv
        Referenced in example_plugin.obj
        Loaded msvcrt.lib(ulldiv.obj)
      Found __DllMainCRTStartup@12
        Loaded msvcrt.lib(dll_dllmain.obj)
      Found ___security_init_cookie
        Referenced in msvcrt.lib(dll_dllmain.obj)
        Loaded msvcrt.lib(gs_support.obj)
      Found "void __cdecl __scrt_initialize_type_info(void)" (?__scrt_initialize_type_info@@YAXXZ)
        Referenced in msvcrt.lib(dll_dllmain.obj)
        Loaded msvcrt.lib(tncleanup.obj)
      Found ___scrt_initialize_default_local_stdio_options
        Referenced in msvcrt.lib(dll_dllmain.obj)
        Loaded msvcrt.lib(default_local_stdio_options.obj)
      Found ___scrt_is_nonwritable_in_current_image
        Referenced in msvcrt.lib(dll_dllmain.obj)
        Loaded msvcrt.lib(utility.obj)
      Found ___scrt_get_dyn_tls_init_callback
        Referenced in msvcrt.lib(dll_dllmain.obj)
        Loaded msvcrt.lib(dyn_tls_init.obj)
      Found ___scrt_fastfail
        Referenced in msvcrt.lib(dll_dllmain.obj)
        Referenced in msvcrt.lib(utility.obj)
        Loaded msvcrt.lib(utility_desktop.obj)
      Found __RTC_Initialize
        Referenced in msvcrt.lib(dll_dllmain.obj)
        Loaded msvcrt.lib(_initsect_.obj)
      Found @_guard_check_icall@4
        Referenced in msvcrt.lib(dll_dllmain.obj)
        Referenced in msvcrt.lib(utility.obj)
        Referenced in msvcrt.lib(_initsect_.obj)
        Loaded msvcrt.lib(checkcfg.obj)
      Found __SEH_epilog4
        Referenced in msvcrt.lib(dll_dllmain.obj)
        Referenced in msvcrt.lib(utility.obj)
        Loaded msvcrt.lib(_sehprolg4_.obj)
      Found __except_handler4
        Referenced in msvcrt.lib(dll_dllmain.obj)
        Referenced in msvcrt.lib(utility.obj)
        Referenced in msvcrt.lib(_sehprolg4_.obj)
        Loaded msvcrt.lib(_chandler4gs_.obj)
      Found ___xi_a
        Referenced in msvcrt.lib(dll_dllmain.obj)
        Loaded msvcrt.lib(initializers.obj)
Processed /DEFAULTLIB:kernel32.lib
 Processed /DISALLOWLIB:msvcrtd.lib
 Processed /DISALLOWLIB:libcmt.lib
 Processed /DISALLOWLIB:libcmtd.lib
Processed /DEFAULTLIB:vcruntime.lib
 Processed /DISALLOWLIB:vcruntimed.lib
 Processed /DISALLOWLIB:libvcruntime.lib
 Processed /DISALLOWLIB:libvcruntimed.lib
Processed /DEFAULTLIB:ucrt.lib
 Processed /DISALLOWLIB:ucrtd.lib
 Processed /DISALLOWLIB:libucrt.lib
 Processed /DISALLOWLIB:libucrtd.lib
      Found ___security_cookie
        Referenced in msvcrt.lib(gs_support.obj)
        Referenced in msvcrt.lib(utility.obj)
        Referenced in msvcrt.lib(_sehprolg4_.obj)
        Referenced in msvcrt.lib(_chandler4gs_.obj)
        Loaded msvcrt.lib(gs_cookie.obj)
      Found ___isa_available_init
        Referenced in msvcrt.lib(utility.obj)
        Loaded msvcrt.lib(_cpu_disp_.obj)
      Found __get_startup_argv_mode
        Referenced in msvcrt.lib(utility.obj)
        Loaded msvcrt.lib(argv_mode.obj)
      Found ___scrt_is_ucrt_dll_in_use
        Referenced in msvcrt.lib(utility.obj)
        Loaded msvcrt.lib(ucrt_detection.obj)
      Found ___guard_check_icall_fptr
        Referenced in msvcrt.lib(checkcfg.obj)
        Loaded msvcrt.lib(guard_support.obj)
      Found @__security_check_cookie@4
        Referenced in msvcrt.lib(_sehprolg4_.obj)
        Referenced in msvcrt.lib(_chandler4gs_.obj)
        Loaded msvcrt.lib(_secchk_.obj)
      Found ___report_gsfailure
        Referenced in msvcrt.lib(_secchk_.obj)
        Loaded msvcrt.lib(gs_report.obj)
    Searching f:\gv\VC_2017\VC\Tools\MSVC\14.12.25827\lib\x86\oldnames.lib:
    Searching f:\ProgramFiler-x86\WindowsKits\Lib\10.0.16299.0\um\x86\kernel32.lib:
      Found __imp__EnterCriticalSection@4
        Referenced in example_plugin.obj
        Loaded kernel32.lib(KERNEL32.dll)
      Found __imp__LeaveCriticalSection@4
        Referenced in example_plugin.obj
        Loaded kernel32.lib(KERNEL32.dll)
      Found __imp__GetSystemTimeAsFileTime@4
        Referenced in example_plugin.obj
        Referenced in msvcrt.lib(gs_support.obj)
        Loaded kernel32.lib(KERNEL32.dll)
      Found __imp__Sleep@4
        Referenced in example_plugin.obj
        Loaded kernel32.lib(KERNEL32.dll)
      Found __imp__GetStdHandle@4
        Referenced in pcap-trace.obj
        Loaded kernel32.lib(KERNEL32.dll)
      Found __imp__GetConsoleScreenBufferInfo@8
        Referenced in pcap-trace.obj
        Loaded kernel32.lib(KERNEL32.dll)
      Found __imp__InitializeCriticalSection@4
        Referenced in pcap-trace.obj
        Loaded kernel32.lib(KERNEL32.dll)
      Found __imp__SetConsoleTextAttribute@8
        Referenced in pcap-trace.obj
        Loaded kernel32.lib(KERNEL32.dll)
      Found __imp__QueryPerformanceCounter@4
        Referenced in msvcrt.lib(gs_support.obj)
        Loaded kernel32.lib(KERNEL32.dll)
      Found __imp__GetCurrentProcessId@0
        Referenced in msvcrt.lib(gs_support.obj)
        Loaded kernel32.lib(KERNEL32.dll)
      Found __imp__GetCurrentThreadId@0
        Referenced in msvcrt.lib(gs_support.obj)
        Loaded kernel32.lib(KERNEL32.dll)
      Found __imp__InitializeSListHead@4
        Referenced in msvcrt.lib(tncleanup.obj)
        Loaded kernel32.lib(KERNEL32.dll)
      Found __imp__IsDebuggerPresent@0
        Referenced in msvcrt.lib(utility_desktop.obj)
        Loaded kernel32.lib(KERNEL32.dll)
      Found __imp__UnhandledExceptionFilter@4
        Referenced in msvcrt.lib(utility_desktop.obj)
        Referenced in msvcrt.lib(gs_report.obj)
        Loaded kernel32.lib(KERNEL32.dll)
      Found __imp__SetUnhandledExceptionFilter@4
        Referenced in msvcrt.lib(utility_desktop.obj)
        Referenced in msvcrt.lib(gs_report.obj)
        Loaded kernel32.lib(KERNEL32.dll)
      Found __imp__GetStartupInfoW@4
        Referenced in msvcrt.lib(utility_desktop.obj)
        Loaded kernel32.lib(KERNEL32.dll)
      Found _IsProcessorFeaturePresent@4
        Referenced in msvcrt.lib(utility_desktop.obj)
        Referenced in msvcrt.lib(_cpu_disp_.obj)
        Referenced in msvcrt.lib(gs_report.obj)
        Loaded kernel32.lib(KERNEL32.dll)
      Found __imp__GetModuleHandleW@4
        Referenced in msvcrt.lib(utility_desktop.obj)
        Loaded kernel32.lib(KERNEL32.dll)
      Found __imp__GetCurrentProcess@0
        Referenced in msvcrt.lib(gs_report.obj)
        Loaded kernel32.lib(KERNEL32.dll)
      Found __imp__TerminateProcess@8
        Referenced in msvcrt.lib(gs_report.obj)
        Loaded kernel32.lib(KERNEL32.dll)
      Found __IMPORT_DESCRIPTOR_KERNEL32
        Referenced in kernel32.lib(KERNEL32.dll)
        Referenced in kernel32.lib(KERNEL32.dll)
        Referenced in kernel32.lib(KERNEL32.dll)
        Referenced in kernel32.lib(KERNEL32.dll)
        Referenced in kernel32.lib(KERNEL32.dll)
        Referenced in kernel32.lib(KERNEL32.dll)
        Referenced in kernel32.lib(KERNEL32.dll)
        Referenced in kernel32.lib(KERNEL32.dll)
        Referenced in kernel32.lib(KERNEL32.dll)
        Referenced in kernel32.lib(KERNEL32.dll)
        Referenced in kernel32.lib(KERNEL32.dll)
        Referenced in kernel32.lib(KERNEL32.dll)
        Referenced in kernel32.lib(KERNEL32.dll)
        Referenced in kernel32.lib(KERNEL32.dll)
        Referenced in kernel32.lib(KERNEL32.dll)
        Referenced in kernel32.lib(KERNEL32.dll)
        Referenced in kernel32.lib(KERNEL32.dll)
        Referenced in kernel32.lib(KERNEL32.dll)
        Referenced in kernel32.lib(KERNEL32.dll)
        Referenced in kernel32.lib(KERNEL32.dll)
        Loaded kernel32.lib(KERNEL32.dll)
      Found __NULL_IMPORT_DESCRIPTOR
        Referenced in kernel32.lib(KERNEL32.dll)
        Loaded kernel32.lib(KERNEL32.dll)
      Found KERNEL32_NULL_THUNK_DATA
        Referenced in kernel32.lib(KERNEL32.dll)
        Loaded kernel32.lib(KERNEL32.dll)
    Searching f:\gv\VC_2017\VC\Tools\MSVC\14.12.25827\lib\x86\vcruntime.lib:
      Found ___std_type_info_destroy_list
        Referenced in msvcrt.lib(tncleanup.obj)
        Loaded vcruntime.lib(VCRUNTIME140.dll)
      Found _memset
        Referenced in msvcrt.lib(utility_desktop.obj)
        Loaded vcruntime.lib(VCRUNTIME140.dll)
      Found __except_handler4_common
        Referenced in msvcrt.lib(_chandler4gs_.obj)
        Loaded vcruntime.lib(VCRUNTIME140.dll)
      Found __IMPORT_DESCRIPTOR_VCRUNTIME140
        Referenced in vcruntime.lib(VCRUNTIME140.dll)
        Referenced in vcruntime.lib(VCRUNTIME140.dll)
        Referenced in vcruntime.lib(VCRUNTIME140.dll)
        Loaded vcruntime.lib(VCRUNTIME140.dll)
      Found VCRUNTIME140_NULL_THUNK_DATA
        Referenced in vcruntime.lib(VCRUNTIME140.dll)
        Loaded vcruntime.lib(VCRUNTIME140.dll)
    Searching f:\ProgramFiler-x86\WindowsKits\Lib\10.0.16299.0\ucrt\x86\ucrt.lib:
      Found __imp____acrt_iob_func
        Referenced in example_plugin.obj
        Referenced in pcap-trace.obj
        Loaded ucrt.lib(api-ms-win-crt-stdio-l1-1-0.dll)
      Found __imp____stdio_common_vfprintf
        Referenced in example_plugin.obj
        Loaded ucrt.lib(api-ms-win-crt-stdio-l1-1-0.dll)
      Found __imp__strncpy_s
        Referenced in example_plugin.obj
        Loaded ucrt.lib(api-ms-win-crt-string-l1-1-0.dll)
      Found __imp__free
        Referenced in example_plugin.obj
        Loaded ucrt.lib(api-ms-win-crt-heap-l1-1-0.dll)
      Found __imp__calloc
        Referenced in example_plugin.obj
        Loaded ucrt.lib(api-ms-win-crt-heap-l1-1-0.dll)
      Found __imp____stdio_common_vsprintf
        Referenced in example_plugin.obj
        Loaded ucrt.lib(api-ms-win-crt-stdio-l1-1-0.dll)
      Found __imp___strdup
        Referenced in example_plugin.obj
        Loaded ucrt.lib(api-ms-win-crt-string-l1-1-0.dll)
      Found __imp__getenv
        Referenced in pcap-trace.obj
        Loaded ucrt.lib(api-ms-win-crt-environment-l1-1-0.dll)
      Found __imp__fflush
        Referenced in pcap-trace.obj
        Loaded ucrt.lib(api-ms-win-crt-stdio-l1-1-0.dll)
      Found __initterm
        Referenced in msvcrt.lib(dll_dllmain.obj)
        Loaded ucrt.lib(api-ms-win-crt-runtime-l1-1-0.dll)
      Found __initterm_e
        Referenced in msvcrt.lib(dll_dllmain.obj)
        Loaded ucrt.lib(api-ms-win-crt-runtime-l1-1-0.dll)
      Found __seh_filter_dll
        Referenced in msvcrt.lib(utility.obj)
        Loaded ucrt.lib(api-ms-win-crt-runtime-l1-1-0.dll)
      Found __configure_narrow_argv
        Referenced in msvcrt.lib(utility.obj)
        Loaded ucrt.lib(api-ms-win-crt-runtime-l1-1-0.dll)
      Found __initialize_narrow_environment
        Referenced in msvcrt.lib(utility.obj)
        Loaded ucrt.lib(api-ms-win-crt-runtime-l1-1-0.dll)
      Found __initialize_onexit_table
        Referenced in msvcrt.lib(utility.obj)
        Loaded ucrt.lib(api-ms-win-crt-runtime-l1-1-0.dll)
      Found __register_onexit_function
        Referenced in msvcrt.lib(utility.obj)
        Loaded ucrt.lib(api-ms-win-crt-runtime-l1-1-0.dll)
      Found __execute_onexit_table
        Referenced in msvcrt.lib(utility.obj)
        Loaded ucrt.lib(api-ms-win-crt-runtime-l1-1-0.dll)
      Found __crt_atexit
        Referenced in msvcrt.lib(utility.obj)
        Loaded ucrt.lib(api-ms-win-crt-runtime-l1-1-0.dll)
      Found __crt_at_quick_exit
        Referenced in msvcrt.lib(utility.obj)
        Loaded ucrt.lib(api-ms-win-crt-runtime-l1-1-0.dll)
      Found __cexit
        Referenced in msvcrt.lib(utility.obj)
        Loaded ucrt.lib(api-ms-win-crt-runtime-l1-1-0.dll)
      Found _terminate
        Referenced in msvcrt.lib(utility_desktop.obj)
        Loaded ucrt.lib(api-ms-win-crt-runtime-l1-1-0.dll)
      Found __IMPORT_DESCRIPTOR_api-ms-win-crt-stdio-l1-1-0
        Referenced in ucrt.lib(api-ms-win-crt-stdio-l1-1-0.dll)
        Referenced in ucrt.lib(api-ms-win-crt-stdio-l1-1-0.dll)
        Referenced in ucrt.lib(api-ms-win-crt-stdio-l1-1-0.dll)
        Referenced in ucrt.lib(api-ms-win-crt-stdio-l1-1-0.dll)
        Loaded ucrt.lib(api-ms-win-crt-stdio-l1-1-0.dll)
      Found __IMPORT_DESCRIPTOR_api-ms-win-crt-string-l1-1-0
        Referenced in ucrt.lib(api-ms-win-crt-string-l1-1-0.dll)
        Referenced in ucrt.lib(api-ms-win-crt-string-l1-1-0.dll)
        Loaded ucrt.lib(api-ms-win-crt-string-l1-1-0.dll)
      Found __IMPORT_DESCRIPTOR_api-ms-win-crt-heap-l1-1-0
        Referenced in ucrt.lib(api-ms-win-crt-heap-l1-1-0.dll)
        Referenced in ucrt.lib(api-ms-win-crt-heap-l1-1-0.dll)
        Loaded ucrt.lib(api-ms-win-crt-heap-l1-1-0.dll)
      Found __IMPORT_DESCRIPTOR_api-ms-win-crt-environment-l1-1-0
        Referenced in ucrt.lib(api-ms-win-crt-environment-l1-1-0.dll)
        Loaded ucrt.lib(api-ms-win-crt-environment-l1-1-0.dll)
      Found __IMPORT_DESCRIPTOR_api-ms-win-crt-runtime-l1-1-0
        Referenced in ucrt.lib(api-ms-win-crt-runtime-l1-1-0.dll)
        Referenced in ucrt.lib(api-ms-win-crt-runtime-l1-1-0.dll)
        Referenced in ucrt.lib(api-ms-win-crt-runtime-l1-1-0.dll)
        Referenced in ucrt.lib(api-ms-win-crt-runtime-l1-1-0.dll)
        Referenced in ucrt.lib(api-ms-win-crt-runtime-l1-1-0.dll)
        Referenced in ucrt.lib(api-ms-win-crt-runtime-l1-1-0.dll)
        Referenced in ucrt.lib(api-ms-win-crt-runtime-l1-1-0.dll)
        Referenced in ucrt.lib(api-ms-win-crt-runtime-l1-1-0.dll)
        Referenced in ucrt.lib(api-ms-win-crt-runtime-l1-1-0.dll)
        Referenced in ucrt.lib(api-ms-win-crt-runtime-l1-1-0.dll)
        Referenced in ucrt.lib(api-ms-win-crt-runtime-l1-1-0.dll)
        Referenced in ucrt.lib(api-ms-win-crt-runtime-l1-1-0.dll)
        Loaded ucrt.lib(api-ms-win-crt-runtime-l1-1-0.dll)
      Found api-ms-win-crt-stdio-l1-1-0_NULL_THUNK_DATA
        Referenced in ucrt.lib(api-ms-win-crt-stdio-l1-1-0.dll)
        Loaded ucrt.lib(api-ms-win-crt-stdio-l1-1-0.dll)
      Found api-ms-win-crt-string-l1-1-0_NULL_THUNK_DATA
        Referenced in ucrt.lib(api-ms-win-crt-string-l1-1-0.dll)
        Loaded ucrt.lib(api-ms-win-crt-string-l1-1-0.dll)
      Found api-ms-win-crt-heap-l1-1-0_NULL_THUNK_DATA
        Referenced in ucrt.lib(api-ms-win-crt-heap-l1-1-0.dll)
        Loaded ucrt.lib(api-ms-win-crt-heap-l1-1-0.dll)
      Found api-ms-win-crt-environment-l1-1-0_NULL_THUNK_DATA
        Referenced in ucrt.lib(api-ms-win-crt-environment-l1-1-0.dll)
        Loaded ucrt.lib(api-ms-win-crt-environment-l1-1-0.dll)
      Found api-ms-win-crt-runtime-l1-1-0_NULL_THUNK_DATA
        Referenced in ucrt.lib(api-ms-win-crt-runtime-l1-1-0.dll)
        Loaded ucrt.lib(api-ms-win-crt-runtime-l1-1-0.dll)
    Searching f:\gv\VC_2017\VC\Tools\MSVC\14.12.25827\lib\x86\msvcrt.lib:
    Searching f:\gv\VC_2017\VC\Tools\MSVC\14.12.25827\lib\x86\oldnames.lib:
    Searching f:\ProgramFiler-x86\WindowsKits\Lib\10.0.16299.0\um\x86\kernel32.lib:
    Searching f:\gv\VC_2017\VC\Tools\MSVC\14.12.25827\lib\x86\vcruntime.lib:

Finished searching libraries

Generating .exp file
   Creating library WinPcap-Plugins/winpcap_example_plugin.lib and object WinPcap-Plugins/winpcap_example_plugin.exp

Finished generating .exp file

Searching libraries
    Searching f:\gv\VC_2017\VC\Tools\MSVC\14.12.25827\lib\x86\msvcrt.lib:
    Searching f:\gv\VC_2017\VC\Tools\MSVC\14.12.25827\lib\x86\oldnames.lib:
    Searching f:\ProgramFiler-x86\WindowsKits\Lib\10.0.16299.0\um\x86\kernel32.lib:
    Searching f:\gv\VC_2017\VC\Tools\MSVC\14.12.25827\lib\x86\vcruntime.lib:
    Searching f:\ProgramFiler-x86\WindowsKits\Lib\10.0.16299.0\ucrt\x86\ucrt.lib:

Finished searching libraries

Searching libraries
    Searching f:\gv\VC_2017\VC\Tools\MSVC\14.12.25827\lib\x86\msvcrt.lib:
      Found ___scrt_stub_for_acrt_initialize
        Loaded msvcrt.lib(ucrt_stubs.obj)
    Searching f:\gv\VC_2017\VC\Tools\MSVC\14.12.25827\lib\x86\oldnames.lib:
    Searching f:\ProgramFiler-x86\WindowsKits\Lib\10.0.16299.0\um\x86\kernel32.lib:
    Searching f:\gv\VC_2017\VC\Tools\MSVC\14.12.25827\lib\x86\vcruntime.lib:
    Searching f:\ProgramFiler-x86\WindowsKits\Lib\10.0.16299.0\ucrt\x86\ucrt.lib:

Finished searching libraries

Finished pass 1


Searching libraries
    Searching f:\gv\VC_2017\VC\Tools\MSVC\14.12.25827\lib\x86\msvcrt.lib:
      Found __load_config_used
        Loaded msvcrt.lib(loadcfg.obj)
    Searching f:\gv\VC_2017\VC\Tools\MSVC\14.12.25827\lib\x86\oldnames.lib:
    Searching f:\ProgramFiler-x86\WindowsKits\Lib\10.0.16299.0\um\x86\kernel32.lib:
    Searching f:\gv\VC_2017\VC\Tools\MSVC\14.12.25827\lib\x86\vcruntime.lib:
    Searching f:\ProgramFiler-x86\WindowsKits\Lib\10.0.16299.0\ucrt\x86\ucrt.lib:

Finished searching libraries

Invoking cvtres.exe:
 /machine:x86
 /verbose
 /out:"c:\TEMP\lnk{FB0BCA97-595A-4D5F-9F34-EFCEA5B9623F}.tmp"
 /readonly
 "clang_obj/example_plugin.res"
Microsoft (R) Windows Resource To Object Converter Version 14.12.25833.4
Copyright (C) Microsoft Corporation.  All rights reserved.

adding resource. type:VERSION, name:1, language:0x0409, flags:0x30, size:932

Unused libraries:
  f:\gv\VC_2017\VC\Tools\MSVC\14.12.25827\lib\x86\oldnames.lib

Starting pass 2
     example_plugin.res
     winpcap_example_plugin.exp
     pcap-trace.obj
     example_plugin.obj
     msvcrt.lib(_cpu_disp_.obj)
     msvcrt.lib(_initsect_.obj)
     msvcrt.lib(_sehprolg4_.obj)
     msvcrt.lib(_chandler4gs_.obj)
     msvcrt.lib(_secchk_.obj)
     msvcrt.lib(ulldiv.obj)
     msvcrt.lib(gs_cookie.obj)
     msvcrt.lib(gs_report.obj)
     msvcrt.lib(gs_support.obj)
     msvcrt.lib(checkcfg.obj)
     msvcrt.lib(guard_support.obj)
     msvcrt.lib(loadcfg.obj)
     msvcrt.lib(dyn_tls_init.obj)
     msvcrt.lib(ucrt_detection.obj)
     msvcrt.lib(argv_mode.obj)
     msvcrt.lib(default_local_stdio_options.obj)
     msvcrt.lib(tncleanup.obj)
     msvcrt.lib(dll_dllmain.obj)
     msvcrt.lib(initializers.obj)
     msvcrt.lib(utility.obj)
     msvcrt.lib(ucrt_stubs.obj)
     msvcrt.lib(utility_desktop.obj)
     kernel32.lib(KERNEL32.dll)
     kernel32.lib(KERNEL32.dll)
     kernel32.lib(KERNEL32.dll)
     kernel32.lib(KERNEL32.dll)
     kernel32.lib(KERNEL32.dll)
     kernel32.lib(KERNEL32.dll)
     kernel32.lib(KERNEL32.dll)
     kernel32.lib(KERNEL32.dll)
     kernel32.lib(KERNEL32.dll)
     kernel32.lib(KERNEL32.dll)
     kernel32.lib(KERNEL32.dll)
     kernel32.lib(KERNEL32.dll)
     kernel32.lib(KERNEL32.dll)
     kernel32.lib(KERNEL32.dll)
     kernel32.lib(KERNEL32.dll)
     kernel32.lib(KERNEL32.dll)
     kernel32.lib(KERNEL32.dll)
     kernel32.lib(KERNEL32.dll)
     kernel32.lib(KERNEL32.dll)
     kernel32.lib(KERNEL32.dll)
     kernel32.lib(KERNEL32.dll)
     kernel32.lib(KERNEL32.dll)
     kernel32.lib(KERNEL32.dll)
     vcruntime.lib(VCRUNTIME140.dll)
     vcruntime.lib(VCRUNTIME140.dll)
     vcruntime.lib(VCRUNTIME140.dll)
     vcruntime.lib(VCRUNTIME140.dll)
     vcruntime.lib(VCRUNTIME140.dll)
     ucrt.lib(api-ms-win-crt-string-l1-1-0.dll)
     ucrt.lib(api-ms-win-crt-string-l1-1-0.dll)
     ucrt.lib(api-ms-win-crt-string-l1-1-0.dll)
     ucrt.lib(api-ms-win-crt-string-l1-1-0.dll)
     ucrt.lib(api-ms-win-crt-stdio-l1-1-0.dll)
     ucrt.lib(api-ms-win-crt-stdio-l1-1-0.dll)
     ucrt.lib(api-ms-win-crt-stdio-l1-1-0.dll)
     ucrt.lib(api-ms-win-crt-stdio-l1-1-0.dll)
     ucrt.lib(api-ms-win-crt-stdio-l1-1-0.dll)
     ucrt.lib(api-ms-win-crt-stdio-l1-1-0.dll)
     ucrt.lib(api-ms-win-crt-runtime-l1-1-0.dll)
     ucrt.lib(api-ms-win-crt-runtime-l1-1-0.dll)
     ucrt.lib(api-ms-win-crt-runtime-l1-1-0.dll)
     ucrt.lib(api-ms-win-crt-runtime-l1-1-0.dll)
     ucrt.lib(api-ms-win-crt-runtime-l1-1-0.dll)
     ucrt.lib(api-ms-win-crt-runtime-l1-1-0.dll)
     ucrt.lib(api-ms-win-crt-runtime-l1-1-0.dll)
     ucrt.lib(api-ms-win-crt-runtime-l1-1-0.dll)
     ucrt.lib(api-ms-win-crt-runtime-l1-1-0.dll)
     ucrt.lib(api-ms-win-crt-runtime-l1-1-0.dll)
     ucrt.lib(api-ms-win-crt-runtime-l1-1-0.dll)
     ucrt.lib(api-ms-win-crt-runtime-l1-1-0.dll)
     ucrt.lib(api-ms-win-crt-runtime-l1-1-0.dll)
     ucrt.lib(api-ms-win-crt-runtime-l1-1-0.dll)
     ucrt.lib(api-ms-win-crt-heap-l1-1-0.dll)
     ucrt.lib(api-ms-win-crt-heap-l1-1-0.dll)
     ucrt.lib(api-ms-win-crt-heap-l1-1-0.dll)
     ucrt.lib(api-ms-win-crt-heap-l1-1-0.dll)
     ucrt.lib(api-ms-win-crt-environment-l1-1-0.dll)
     ucrt.lib(api-ms-win-crt-environment-l1-1-0.dll)
     ucrt.lib(api-ms-win-crt-environment-l1-1-0.dll)
Finished pass 2
